[2026-08-16T15:24:20.336Z] START a fresh Chrome profile against this candidate's freshly built local Studio.
[2026-08-16T15:24:21.054Z] NAVIGATE browser address bar to http://127.0.0.1:4657/#/project/gameModel
[2026-08-16T15:24:21.796Z] CAPTURE 01-initial-game-model.png and 01-initial-game-model.txt
[2026-08-16T15:24:22.222Z] CLICK "Edit" in "Layout" section
[2026-08-16T15:24:23.738Z] INPUT "Rows"="4" through browser keyboard
[2026-08-16T15:24:24.140Z] CLICK "Save" in "Layout" section
[2026-08-16T15:24:24.148Z] OBSERVE Layout Save returned View with Rows: 4
[2026-08-16T15:24:24.442Z] CAPTURE 02-layout-saved.png and 02-layout-saved.txt
[2026-08-16T15:24:25.113Z] CLICK "Edit" in "Reels" section
[2026-08-16T15:24:25.540Z] CLICK radio "Default" at rendered coordinates
[2026-08-16T15:24:25.957Z] CLICK "Save" in "Reels" section
[2026-08-16T15:24:25.962Z] OBSERVE Reels Save returned View with Generation mode: Default (uniform across symbols)
[2026-08-16T15:24:26.280Z] CAPTURE 03-reels-saved.png and 03-reels-saved.txt
[2026-08-16T15:24:26.934Z] CLICK "Edit" in "Paytable" section
[2026-08-16T15:24:28.396Z] INPUT "A x3 payout"="5" through browser keyboard
[2026-08-16T15:24:29.074Z] CLICK "Save" in "Paytable" section
[2026-08-16T15:24:29.079Z] OBSERVE Paytable Save returned View with A match-count 3 payout 5
[2026-08-16T15:24:29.355Z] CAPTURE 04-paytable-saved.png and 04-paytable-saved.txt
[2026-08-16T15:24:30.023Z] CLICK "Edit" in "Bets & Modes" section
[2026-08-16T15:24:31.161Z] INPUT "New bet amount"="11" through browser keyboard
[2026-08-16T15:24:31.519Z] CLICK "Add bet" at rendered coordinates
[2026-08-16T15:24:31.952Z] CLICK "Save" in "Bets & Modes" section
[2026-08-16T15:25:02.129Z] FAILED Error: Timed out waiting for Bets & Modes Save returned View with Available bets: 1, 2, 5, 10, 11
    at waitUntil (file:///home/stager/Work/sta-ger/agents/worktrees/pokie-phase-6-final-polishing/task_P6-05-20260816145527/docs/evidence/p6-05-game-model-artwork-real-workflow/host-save-persistence-final-20260816/rendered-save-persistence.mjs:37:181)
    at async expectSaved (file:///home/stager/Work/sta-ger/agents/worktrees/pokie-phase-6-final-polishing/task_P6-05-20260816145527/docs/evidence/p6-05-game-model-artwork-real-workflow/host-save-persistence-final-20260816/rendered-save-persistence.mjs:49:71)
    at async main (file:///home/stager/Work/sta-ger/agents/worktrees/pokie-phase-6-final-polishing/task_P6-05-20260816145527/docs/evidence/p6-05-game-model-artwork-real-workflow/host-save-persistence-final-20260816/rendered-save-persistence.mjs:66:5)
