[2026-08-14T17:16:30.471Z] RESUME UI lifecycle phase 1 from the rendered post-save Projects page against http://127.0.0.1:4176
[2026-08-14T17:16:30.475Z] OBSERVE the rendered post-save Projects page
[2026-08-14T17:16:30.623Z] CAPTURE 05-managed-save-projects-eventually-refreshed.png, 05-managed-save-projects-eventually-refreshed-visible-text.txt, and 05-managed-save-projects-eventually-refreshed-url.txt
[2026-08-14T17:16:30.645Z] CLICK input "Location" at rendered INPUT coordinates (456, 140)
[2026-08-14T17:16:31.537Z] INPUT "Location"="docs/evidence/p6-02-registry-lifecycle/final-verification-20260814/fixtures/external-project" through browser keyboard
[2026-08-14T17:16:31.599Z] CLICK Detect docs/evidence/p6-02-registry-lifecycle/final-verification-20260814/fixtures/external-project at rendered BUTTON coordinates (339, 354)
[2026-08-14T17:16:32.206Z] OBSERVE visible package detection for docs/evidence/p6-02-registry-lifecycle/final-verification-20260814/fixtures/external-project
[2026-08-14T17:16:32.233Z] SCROLL to rendered Register docs/evidence/p6-02-registry-lifecycle/final-verification-20260814/fixtures/external-project
[2026-08-14T17:16:32.632Z] CLICK Register docs/evidence/p6-02-registry-lifecycle/final-verification-20260814/fixtures/external-project at rendered BUTTON coordinates (346, 279)
[2026-08-14T17:16:33.239Z] OBSERVE rendered registration confirmation after docs/evidence/p6-02-registry-lifecycle/final-verification-20260814/fixtures/external-project
[2026-08-14T17:16:33.239Z] OBSERVE rendered registration confirmation after docs/evidence/p6-02-registry-lifecycle/final-verification-20260814/fixtures/external-project
[2026-08-14T17:16:33.292Z] CLICK input "Location" at rendered INPUT coordinates (456, 103)
[2026-08-14T17:16:34.182Z] INPUT "Location"="/home/stager/Work/sta-ger/agents/worktrees/pokie-phase-6-final-polishing/task_P6-02-20260813112647/docs/evidence/p6-02-registry-lifecycle/final-verification-20260814/fixtures/external-project" through browser keyboard
[2026-08-14T17:16:34.240Z] CLICK Detect /home/stager/Work/sta-ger/agents/worktrees/pokie-phase-6-final-polishing/task_P6-02-20260813112647/docs/evidence/p6-02-registry-lifecycle/final-verification-20260814/fixtures/external-project at rendered BUTTON coordinates (339, 320)
[2026-08-14T17:16:34.847Z] OBSERVE visible package detection for /home/stager/Work/sta-ger/agents/worktrees/pokie-phase-6-final-polishing/task_P6-02-20260813112647/docs/evidence/p6-02-registry-lifecycle/final-verification-20260814/fixtures/external-project
[2026-08-14T17:16:34.865Z] SCROLL to rendered Register /home/stager/Work/sta-ger/agents/worktrees/pokie-phase-6-final-polishing/task_P6-02-20260813112647/docs/evidence/p6-02-registry-lifecycle/final-verification-20260814/fixtures/external-project
[2026-08-14T17:16:35.280Z] CLICK Register /home/stager/Work/sta-ger/agents/worktrees/pokie-phase-6-final-polishing/task_P6-02-20260813112647/docs/evidence/p6-02-registry-lifecycle/final-verification-20260814/fixtures/external-project at rendered BUTTON coordinates (346, 280)
[2026-08-14T17:16:35.885Z] OBSERVE rendered registration confirmation after /home/stager/Work/sta-ger/agents/worktrees/pokie-phase-6-final-polishing/task_P6-02-20260813112647/docs/evidence/p6-02-registry-lifecycle/final-verification-20260814/fixtures/external-project
[2026-08-14T17:16:35.886Z] OBSERVE rendered registration confirmation after /home/stager/Work/sta-ger/agents/worktrees/pokie-phase-6-final-polishing/task_P6-02-20260813112647/docs/evidence/p6-02-registry-lifecycle/final-verification-20260814/fixtures/external-project
[2026-08-14T17:16:35.938Z] CLICK input "Location" at rendered INPUT coordinates (456, 136)
[2026-08-14T17:16:36.830Z] INPUT "Location"="/home/stager/Work/sta-ger/agents/worktrees/pokie-phase-6-final-polishing/task_P6-02-20260813112647/docs/evidence/p6-02-registry-lifecycle/final-verification-20260814/fixtures/external-project-alias" through browser keyboard
[2026-08-14T17:16:36.900Z] CLICK Detect /home/stager/Work/sta-ger/agents/worktrees/pokie-phase-6-final-polishing/task_P6-02-20260813112647/docs/evidence/p6-02-registry-lifecycle/final-verification-20260814/fixtures/external-project-alias at rendered BUTTON coordinates (339, 320)
[2026-08-14T17:16:37.506Z] OBSERVE visible package detection for /home/stager/Work/sta-ger/agents/worktrees/pokie-phase-6-final-polishing/task_P6-02-20260813112647/docs/evidence/p6-02-registry-lifecycle/final-verification-20260814/fixtures/external-project-alias
[2026-08-14T17:16:37.533Z] SCROLL to rendered input "Name"
[2026-08-14T17:16:37.923Z] CLICK input "Name" at rendered INPUT coordinates (513, 247)
[2026-08-14T17:16:38.810Z] INPUT "Name"="Registry Lifecycle External Renamed" through browser keyboard
[2026-08-14T17:16:38.872Z] CLICK Register /home/stager/Work/sta-ger/agents/worktrees/pokie-phase-6-final-polishing/task_P6-02-20260813112647/docs/evidence/p6-02-registry-lifecycle/final-verification-20260814/fixtures/external-project-alias at rendered BUTTON coordinates (346, 295)
[2026-08-14T17:16:39.478Z] OBSERVE rendered registration confirmation after /home/stager/Work/sta-ger/agents/worktrees/pokie-phase-6-final-polishing/task_P6-02-20260813112647/docs/evidence/p6-02-registry-lifecycle/final-verification-20260814/fixtures/external-project-alias
[2026-08-14T17:16:39.478Z] OBSERVE rendered registration confirmation after /home/stager/Work/sta-ger/agents/worktrees/pokie-phase-6-final-polishing/task_P6-02-20260813112647/docs/evidence/p6-02-registry-lifecycle/final-verification-20260814/fixtures/external-project-alias
[2026-08-14T17:16:39.482Z] OBSERVE relative, absolute, and symlink canonical imports deduplicated and renamed
[2026-08-14T17:16:39.773Z] CAPTURE 06-canonical-imports-and-rename.png, 06-canonical-imports-and-rename-visible-text.txt, and 06-canonical-imports-and-rename-url.txt
[2026-08-14T17:16:39.786Z] SCROLL to rendered renamed external project Open
[2026-08-14T17:16:40.153Z] SCROLL to rendered renamed external project Open
[2026-08-14T17:16:40.520Z] SCROLL to rendered renamed external project Open
[2026-08-14T17:16:40.887Z] SCROLL to rendered renamed external project Open
[2026-08-14T17:16:41.254Z] SCROLL to rendered renamed external project Open
[2026-08-14T17:16:41.622Z] SCROLL to rendered renamed external project Open
[2026-08-14T17:16:41.988Z] SCROLL to rendered renamed external project Open
[2026-08-14T17:16:42.356Z] SCROLL to rendered renamed external project Open
[2026-08-14T17:16:42.723Z] SCROLL to rendered renamed external project Open
[2026-08-14T17:16:43.096Z] SCROLL to rendered renamed external project Open
[2026-08-14T17:16:43.462Z] SCROLL to rendered renamed external project Open
[2026-08-14T17:16:43.834Z] SCROLL to rendered renamed external project Open
[2026-08-14T17:16:44.201Z] SCROLL to rendered renamed external project Open
[2026-08-14T17:16:44.566Z] SCROLL to rendered renamed external project Open
[2026-08-14T17:16:44.933Z] FAILED Error: Could not click renamed external project Open
    at click (file:///home/stager/Work/sta-ger/agents/worktrees/pokie-phase-6-final-polishing/task_P6-02-20260813112647/docs/evidence/p6-02-registry-lifecycle/rerun-20260814/browser-rerun.mjs:108:15)
    at async main (file:///home/stager/Work/sta-ger/agents/worktrees/pokie-phase-6-final-polishing/task_P6-02-20260813112647/docs/evidence/p6-02-registry-lifecycle/rerun-20260814/browser-rerun.mjs:197:9)
