mkdir: cannot create directory ‘/.local’: Permission denied
touch: cannot touch '/.local/share/applications/mimeapps.list': No such file or directory
[2459504:2459562:0816/225501.356852:ERROR:dbus/bus.cc:408] Failed to connect to the bus: Could not parse server address: Unknown address type (examples of valid types are "tcp" and on UNIX "unix")
[2459504:2459562:0816/225501.356982:ERROR:dbus/bus.cc:408] Failed to connect to the bus: Could not parse server address: Unknown address type (examples of valid types are "tcp" and on UNIX "unix")
[2459504:2459562:0816/225501.357016:ERROR:dbus/bus.cc:408] Failed to connect to the bus: Could not parse server address: Unknown address type (examples of valid types are "tcp" and on UNIX "unix")
[2459504:2459562:0816/225501.357036:ERROR:dbus/bus.cc:408] Failed to connect to the bus: Could not parse server address: Unknown address type (examples of valid types are "tcp" and on UNIX "unix")
[2459504:2459562:0816/225501.375135:ERROR:dbus/bus.cc:408] Failed to connect to the bus: Could not parse server address: Unknown address type (examples of valid types are "tcp" and on UNIX "unix")
[2459504:2459562:0816/225501.404624:ERROR:dbus/bus.cc:408] Failed to connect to the bus: Could not parse server address: Unknown address type (examples of valid types are "tcp" and on UNIX "unix")

DevTools listening on ws://127.0.0.1:9227/devtools/browser/181ad735-ffae-4eb0-b3b8-5b324635bdb9
[2459504:2459504:0816/225501.522785:ERROR:dbus/object_proxy.cc:590] Failed to call method: org.freedesktop.DBus.NameHasOwner: object_path= /org/freedesktop/DBus: unknown error type: 
[2459504:2459504:0816/225501.524192:ERROR:dbus/object_proxy.cc:590] Failed to call method: org.freedesktop.DBus.NameHasOwner: object_path= /org/freedesktop/DBus: unknown error type: 
[2459504:2459562:0816/225501.524342:ERROR:dbus/bus.cc:408] Failed to connect to the bus: Could not parse server address: Unknown address type (examples of valid types are "tcp" and on UNIX "unix")
[2459504:2459562:0816/225501.524368:ERROR:dbus/bus.cc:408] Failed to connect to the bus: Could not parse server address: Unknown address type (examples of valid types are "tcp" and on UNIX "unix")
[2459504:2459504:0816/225501.524449:ERROR:dbus/object_proxy.cc:590] Failed to call method: org.freedesktop.DBus.NameHasOwner: object_path= /org/freedesktop/DBus: unknown error type: 
[2459504:2459504:0816/225501.558860:ERROR:dbus/object_proxy.cc:590] Failed to call method: org.freedesktop.DBus.NameHasOwner: object_path= /org/freedesktop/DBus: unknown error type: 
[2459504:2459504:0816/225501.560298:ERROR:dbus/object_proxy.cc:590] Failed to call method: org.freedesktop.DBus.NameHasOwner: object_path= /org/freedesktop/DBus: unknown error type: 
MESA-INTEL: warning: Ivy Bridge Vulkan support is incomplete
libva error: /usr/lib/x86_64-linux-gnu/dri/iHD_drv_video.so init failed
WARNING: All log messages before absl::InitializeLog() is called are written to STDERR
I0000 00:00:1786913704.316251 2459558 voice_transcription.cc:58] Registering VoiceTranscriptionCapability
[2459504:2459563:0816/225511.709809:ERROR:google_apis/gcm/engine/registration_request.cc:291] Registration response error message: PHONE_REGISTRATION_ERROR
[2459504:2459563:0816/225511.717585:ERROR:google_apis/gcm/engine/registration_request.cc:291] Registration response error message: PHONE_REGISTRATION_ERROR
[2459504:2459563:0816/225535.297599:ERROR:google_apis/gcm/engine/registration_request.cc:291] Registration response error message: DEPRECATED_ENDPOINT
Created TensorFlow Lite XNNPACK delegate for CPU.
Attempting to use a delegate that only supports static-sized tensors with a graph that has dynamic-sized tensors (tensor#58 is a dynamic-sized tensor).
[2459504:2459563:0816/225624.468191:ERROR:google_apis/gcm/engine/registration_request.cc:291] Registration response error message: DEPRECATED_ENDPOINT
WARNING: All log messages before absl::InitializeLog() is called are written to STDERR
I0000 00:00:1786913881.418112 2461495 voice_transcription.cc:58] Registering VoiceTranscriptionCapability
MESA-INTEL: warning: Ivy Bridge Vulkan support is incomplete
error: XDG_RUNTIME_DIR is invalid or not set in the environment.
error: XDG_RUNTIME_DIR is invalid or not set in the environment.
[2459504:2459504:0816/225801.454165:ERROR:services/on_device_model/public/cpp/service_client.cc:36] Unexpected on_device_model service disconnect: The device's GPU is not supported.
[2459504:2459563:0816/225809.115045:ERROR:google_apis/gcm/engine/registration_request.cc:291] Registration response error message: DEPRECATED_ENDPOINT
