mkdir: cannot create directory ‘/.local’: Permission denied
touch: cannot touch '/.local/share/applications/mimeapps.list': No such file or directory
[3009392:3009420:0813/132953.614763:ERROR:dbus/bus.cc:408] Failed to connect to the bus: Could not parse server address: Unknown address type (examples of valid types are "tcp" and on UNIX "unix")
[3009392:3009420:0813/132953.615027:ERROR:dbus/bus.cc:408] Failed to connect to the bus: Could not parse server address: Unknown address type (examples of valid types are "tcp" and on UNIX "unix")
[3009392:3009420:0813/132953.615049:ERROR:dbus/bus.cc:408] Failed to connect to the bus: Could not parse server address: Unknown address type (examples of valid types are "tcp" and on UNIX "unix")
[3009392:3009420:0813/132953.615069:ERROR:dbus/bus.cc:408] Failed to connect to the bus: Could not parse server address: Unknown address type (examples of valid types are "tcp" and on UNIX "unix")
[3009392:3009420:0813/132953.638782:ERROR:dbus/bus.cc:408] Failed to connect to the bus: Could not parse server address: Unknown address type (examples of valid types are "tcp" and on UNIX "unix")
[3009392:3009420:0813/132953.710293:ERROR:dbus/bus.cc:408] Failed to connect to the bus: Could not parse server address: Unknown address type (examples of valid types are "tcp" and on UNIX "unix")

DevTools listening on ws://127.0.0.1:9234/devtools/browser/145a86f3-b9c8-4368-acf1-197fa2a69c91
[3009392:3009392:0813/132954.114201:ERROR:dbus/object_proxy.cc:590] Failed to call method: org.freedesktop.DBus.NameHasOwner: object_path= /org/freedesktop/DBus: unknown error type: 
[3009392:3009392:0813/132954.116355:ERROR:dbus/object_proxy.cc:590] Failed to call method: org.freedesktop.DBus.NameHasOwner: object_path= /org/freedesktop/DBus: unknown error type: 
[3009392:3009420:0813/132954.119636:ERROR:dbus/bus.cc:408] Failed to connect to the bus: Could not parse server address: Unknown address type (examples of valid types are "tcp" and on UNIX "unix")
[3009392:3009420:0813/132954.119687:ERROR:dbus/bus.cc:408] Failed to connect to the bus: Could not parse server address: Unknown address type (examples of valid types are "tcp" and on UNIX "unix")
[3009392:3009392:0813/132954.119940:ERROR:dbus/object_proxy.cc:590] Failed to call method: org.freedesktop.DBus.NameHasOwner: object_path= /org/freedesktop/DBus: unknown error type: 
[3009476:3009476:0813/132954.129555:ERROR:base/threading/platform_thread_posix.cc:160] pthread_create: Resource temporarily unavailable (11)
[3009475:3009475:0813/132954.131861:ERROR:base/threading/platform_thread_posix.cc:160] pthread_create: Resource temporarily unavailable (11)
[3009411:3009411:0813/132954.141941:ERROR:content/zygote/zygote_linux.cc:621] Zygote could not fork: process_type renderer numfds 5 child_pid -1
[0813/132954.203023:ERROR:third_party/crashpad/crashpad/util/process/process_memory.cc:41] short read
[0813/132954.203176:ERROR:third_party/crashpad/crashpad/util/process/process_memory.cc:41] short read
[0813/132954.203220:ERROR:third_party/crashpad/crashpad/snapshot/linux/process_reader_linux.cc:542] no module mappings 0x7400e873a000
[0813/132954.203264:ERROR:third_party/crashpad/crashpad/util/process/process_memory.cc:41] short read
[0813/132954.203291:ERROR:third_party/crashpad/crashpad/snapshot/linux/process_reader_linux.cc:542] no module mappings 0x7400e8708000
[0813/132954.203331:ERROR:third_party/crashpad/crashpad/util/process/process_memory.cc:41] short read
[0813/132954.203359:ERROR:third_party/crashpad/crashpad/snapshot/linux/process_reader_linux.cc:542] no module mappings 0x7400e8649000
[0813/132954.203399:ERROR:third_party/crashpad/crashpad/util/process/process_memory.cc:41] short read
[0813/132954.203426:ERROR:third_party/crashpad/crashpad/snapshot/linux/process_reader_linux.cc:542] no module mappings 0x7400e8606000
[0813/132954.203466:ERROR:third_party/crashpad/crashpad/util/process/process_memory.cc:41] short read
[0813/132954.203493:ERROR:third_party/crashpad/crashpad/snapshot/linux/process_reader_linux.cc:542] no module mappings 0x7400e854a000
[0813/132954.203532:ERROR:third_party/crashpad/crashpad/util/process/process_memory.cc:41] short read
[0813/132954.203571:ERROR:third_party/crashpad/crashpad/snapshot/linux/process_reader_linux.cc:542] no module mappings 0x7400e851c000
[0813/132954.203616:ERROR:third_party/crashpad/crashpad/util/process/process_memory.cc:41] short read
[0813/132954.203647:ERROR:third_party/crashpad/crashpad/snapshot/linux/process_reader_linux.cc:542] no module mappings 0x7400e8516000
[0813/132954.203682:ERROR:third_party/crashpad/crashpad/util/process/process_memory.cc:41] short read
[0813/132954.203719:ERROR:third_party/crashpad/crashpad/snapshot/linux/process_reader_linux.cc:542] no module mappings 0x7400e84f0000
[0813/132954.203759:ERROR:third_party/crashpad/crashpad/util/process/process_memory.cc:41] short read
[0813/132954.203784:ERROR:third_party/crashpad/crashpad/snapshot/linux/process_reader_linux.cc:542] no module mappings 0x7400e8365000
[0813/132954.203817:ERROR:third_party/crashpad/crashpad/util/process/process_memory.cc:41] short read
[0813/132954.203840:ERROR:third_party/crashpad/crashpad/snapshot/linux/process_reader_linux.cc:542] no module mappings 0x7400e8340000
[0813/132954.203874:ERROR:third_party/crashpad/crashpad/util/process/process_memory.cc:41] short read
[0813/132954.203898:ERROR:third_party/crashpad/crashpad/snapshot/linux/process_reader_linux.cc:542] no module mappings 0x7400e8194000
[0813/132954.203933:ERROR:third_party/crashpad/crashpad/util/process/process_memory.cc:41] short read
[0813/132954.203958:ERROR:third_party/crashpad/crashpad/snapshot/linux/process_reader_linux.cc:542] no module mappings 0x7400e817d000
[0813/132954.203995:ERROR:third_party/crashpad/crashpad/util/process/process_memory.cc:41] short read
[0813/132954.204022:ERROR:third_party/crashpad/crashpad/snapshot/linux/process_reader_linux.cc:542] no module mappings 0x7400e8128000
[0813/132954.204060:ERROR:third_party/crashpad/crashpad/util/process/process_memory.cc:41] short read
[0813/132954.204087:ERROR:third_party/crashpad/crashpad/snapshot/linux/process_reader_linux.cc:542] no module mappings 0x7400e80e1000
[0813/132954.204125:ERROR:third_party/crashpad/crashpad/util/process/process_memory.cc:41] short read
[0813/132954.204152:ERROR:third_party/crashpad/crashpad/snapshot/linux/process_reader_linux.cc:542] no module mappings 0x7400e805c000
[0813/132954.204194:ERROR:third_party/crashpad/crashpad/util/process/process_memory.cc:41] short read
[0813/132954.204220:ERROR:third_party/crashpad/crashpad/snapshot/linux/process_reader_linux.cc:542] no module mappings 0x7400e8042000
[0813/132954.204260:ERROR:third_party/crashpad/crashpad/util/process/process_memory.cc:41] short read
[0813/132954.204288:ERROR:third_party/crashpad/crashpad/snapshot/linux/process_reader_linux.cc:542] no module mappings 0x7400e7946000
[0813/132954.204324:ERROR:third_party/crashpad/crashpad/util/process/process_memory.cc:41] short read
[0813/132954.204351:ERROR:third_party/crashpad/crashpad/snapshot/linux/process_reader_linux.cc:542] no module mappings 0x7400e8011000
[0813/132954.204386:ERROR:third_party/crashpad/crashpad/util/process/process_memory.cc:41] short read
[0813/132954.204416:ERROR:third_party/crashpad/crashpad/snapshot/linux/process_reader_linux.cc:542] no module mappings 0x7400e800c000
[0813/132954.204452:ERROR:third_party/crashpad/crashpad/util/process/process_memory.cc:41] short read
[0813/132954.204479:ERROR:third_party/crashpad/crashpad/snapshot/linux/process_reader_linux.cc:542] no module mappings 0x7400e8005000
[0813/132954.204514:ERROR:third_party/crashpad/crashpad/util/process/process_memory.cc:41] short read
[0813/132954.204540:ERROR:third_party/crashpad/crashpad/snapshot/linux/process_reader_linux.cc:542] no module mappings 0x7400e8000000
[0813/132954.204577:ERROR:third_party/crashpad/crashpad/util/process/process_memory.cc:41] short read
[0813/132954.204603:ERROR:third_party/crashpad/crashpad/snapshot/linux/process_reader_linux.cc:542] no module mappings 0x7400e7ff4000
[0813/132954.204639:ERROR:third_party/crashpad/crashpad/util/process/process_memory.cc:41] short read
[0813/132954.204681:ERROR:third_party/crashpad/crashpad/snapshot/linux/process_reader_linux.cc:542] no module mappings 0x7400e7feb000
[0813/132954.204781:ERROR:third_party/crashpad/crashpad/util/process/process_memory.cc:41] short read
[0813/132954.204814:ERROR:third_party/crashpad/crashpad/snapshot/linux/process_reader_linux.cc:542] no module mappings 0x7400e7fe6000
[0813/132954.204849:ERROR:third_party/crashpad/crashpad/util/process/process_memory.cc:41] short read
[0813/132954.204873:ERROR:third_party/crashpad/crashpad/snapshot/linux/process_reader_linux.cc:542] no module mappings 0x7400e7fd7000
[0813/132954.204984:ERROR:third_party/crashpad/crashpad/util/process/process_memory.cc:41] short read
[0813/132954.205011:ERROR:third_party/crashpad/crashpad/snapshot/linux/process_reader_linux.cc:542] no module mappings 0x7400e7fc9000
[0813/132954.205048:ERROR:third_party/crashpad/crashpad/util/process/process_memory.cc:41] short read
[0813/132954.205073:ERROR:third_party/crashpad/crashpad/snapshot/linux/process_reader_linux.cc:542] no module mappings 0x7400e7faa000
[0813/132954.205106:ERROR:third_party/crashpad/crashpad/util/process/process_memory.cc:41] short read
[0813/132954.205131:ERROR:third_party/crashpad/crashpad/snapshot/linux/process_reader_linux.cc:542] no module mappings 0x7400e03fe000
[0813/132954.205165:ERROR:third_party/crashpad/crashpad/util/process/process_memory.cc:41] short read
[0813/132954.205189:ERROR:third_party/crashpad/crashpad/snapshot/linux/process_reader_linux.cc:542] no module mappings 0x7400e03da000
[0813/132954.205221:ERROR:third_party/crashpad/crashpad/util/process/process_memory.cc:41] short read
[0813/132954.205244:ERROR:third_party/crashpad/crashpad/snapshot/linux/process_reader_linux.cc:542] no module mappings 0x7400e026c000
[0813/132954.205278:ERROR:third_party/crashpad/crashpad/util/process/process_memory.cc:41] short read
[0813/132954.205303:ERROR:third_party/crashpad/crashpad/snapshot/linux/process_reader_linux.cc:542] no module mappings 0x7400e03d3000
[0813/132954.205337:ERROR:third_party/crashpad/crashpad/util/process/process_memory.cc:41] short read
[0813/132954.205364:ERROR:third_party/crashpad/crashpad/snapshot/linux/process_reader_linux.cc:542] no module mappings 0x7400e03bf000
[0813/132954.205396:ERROR:third_party/crashpad/crashpad/util/process/process_memory.cc:41] short read
[0813/132954.205421:ERROR:third_party/crashpad/crashpad/snapshot/linux/process_reader_linux.cc:542] no module mappings 0x7400e03b1000
[0813/132954.205455:ERROR:third_party/crashpad/crashpad/util/process/process_memory.cc:41] short read
[0813/132954.205481:ERROR:third_party/crashpad/crashpad/snapshot/linux/process_reader_linux.cc:542] no module mappings 0x7400e03a7000
[0813/132954.205515:ERROR:third_party/crashpad/crashpad/util/process/process_memory.cc:41] short read
[0813/132954.205542:ERROR:third_party/crashpad/crashpad/snapshot/linux/process_reader_linux.cc:542] no module mappings 0x7400e0382000
[0813/132954.205577:ERROR:third_party/crashpad/crashpad/util/process/process_memory.cc:41] short read
[0813/132954.205604:ERROR:third_party/crashpad/crashpad/snapshot/linux/process_reader_linux.cc:542] no module mappings 0x7400e035d000
[0813/132954.205639:ERROR:third_party/crashpad/crashpad/util/process/process_memory.cc:41] short read
[0813/132954.205665:ERROR:third_party/crashpad/crashpad/snapshot/linux/process_reader_linux.cc:542] no module mappings 0x7400e0354000
[0813/132954.205701:ERROR:third_party/crashpad/crashpad/util/process/process_memory.cc:41] short read
[0813/132954.205744:ERROR:third_party/crashpad/crashpad/snapshot/linux/process_reader_linux.cc:542] no module mappings 0x7400e0343000
[0813/132954.205820:ERROR:third_party/crashpad/crashpad/util/process/process_memory.cc:41] short read
[0813/132954.205851:ERROR:third_party/crashpad/crashpad/snapshot/linux/process_reader_linux.cc:542] no module mappings 0x7400e032f000
[0813/132954.205886:ERROR:third_party/crashpad/crashpad/util/process/process_memory.cc:41] short read
[0813/132954.205911:ERROR:third_party/crashpad/crashpad/snapshot/linux/process_reader_linux.cc:542] no module mappings 0x7400dfff5000
[0813/132954.205959:ERROR:third_party/crashpad/crashpad/util/process/process_memory.cc:41] short read
[0813/132954.205987:ERROR:third_party/crashpad/crashpad/snapshot/linux/process_reader_linux.cc:542] no module mappings 0x7400e02fa000
[0813/132954.206022:ERROR:third_party/crashpad/crashpad/util/process/process_memory.cc:41] short read
[0813/132954.206049:ERROR:third_party/crashpad/crashpad/snapshot/linux/process_reader_linux.cc:542] no module mappings 0x7400e02ef000
[0813/132954.206123:ERROR:third_party/crashpad/crashpad/util/process/process_memory.cc:41] short read
[0813/132954.206153:ERROR:third_party/crashpad/crashpad/snapshot/linux/process_reader_linux.cc:542] no module mappings 0x7400e02c9000
[0813/132954.206184:ERROR:third_party/crashpad/crashpad/util/process/process_memory.cc:41] short read
[0813/132954.206208:ERROR:third_party/crashpad/crashpad/snapshot/linux/process_reader_linux.cc:542] no module mappings 0x7400dfdf7000
[0813/132954.206237:ERROR:third_party/crashpad/crashpad/util/process/process_memory.cc:41] short read
[0813/132954.206259:ERROR:third_party/crashpad/crashpad/snapshot/linux/process_reader_linux.cc:542] no module mappings 0x7400dfb5e000
[0813/132954.206289:ERROR:third_party/crashpad/crashpad/util/process/process_memory.cc:41] short read
[0813/132954.206313:ERROR:third_party/crashpad/crashpad/snapshot/linux/process_reader_linux.cc:542] no module mappings 0x7400d87c5000
[0813/132954.206349:ERROR:third_party/crashpad/crashpad/util/process/process_memory.cc:41] short read
[0813/132954.206378:ERROR:third_party/crashpad/crashpad/util/process/process_memory.cc:41] short read
[0813/132954.206407:ERROR:third_party/crashpad/crashpad/util/process/process_memory.cc:41] short read
[0813/132954.206434:ERROR:third_party/crashpad/crashpad/util/process/process_memory.cc:41] short read
[0813/132954.206512:ERROR:third_party/crashpad/crashpad/util/process/process_memory.cc:41] short read
[0813/132954.206540:ERROR:third_party/crashpad/crashpad/util/process/process_memory.cc:41] short read
[0813/132954.206569:ERROR:third_party/crashpad/crashpad/util/process/process_memory.cc:41] short read
[0813/132954.206596:ERROR:third_party/crashpad/crashpad/util/process/process_memory.cc:41] short read
[0813/132954.206620:ERROR:third_party/crashpad/crashpad/util/process/process_memory.cc:41] short read
[0813/132954.206646:ERROR:third_party/crashpad/crashpad/util/process/process_memory.cc:41] short read
[0813/132954.206674:ERROR:third_party/crashpad/crashpad/util/process/process_memory.cc:41] short read
[0813/132954.206699:ERROR:third_party/crashpad/crashpad/util/process/process_memory.cc:41] short read
[0813/132954.206760:ERROR:third_party/crashpad/crashpad/util/process/process_memory.cc:41] short read
[0813/132954.206790:ERROR:third_party/crashpad/crashpad/util/process/process_memory.cc:41] short read
[0813/132954.206815:ERROR:third_party/crashpad/crashpad/util/process/process_memory.cc:41] short read
[0813/132954.206843:ERROR:third_party/crashpad/crashpad/util/process/process_memory.cc:41] short read
[0813/132954.206869:ERROR:third_party/crashpad/crashpad/util/process/process_memory.cc:41] short read
[0813/132954.206894:ERROR:third_party/crashpad/crashpad/util/process/process_memory.cc:41] short read
[0813/132954.206919:ERROR:third_party/crashpad/crashpad/util/process/process_memory.cc:41] short read
[0813/132954.206945:ERROR:third_party/crashpad/crashpad/util/process/process_memory.cc:41] short read
[0813/132954.206974:ERROR:third_party/crashpad/crashpad/util/process/process_memory.cc:41] short read
[0813/132954.206999:ERROR:third_party/crashpad/crashpad/util/process/process_memory.cc:41] short read
[0813/132954.207026:ERROR:third_party/crashpad/crashpad/util/process/process_memory.cc:41] short read
[0813/132954.207058:ERROR:third_party/crashpad/crashpad/util/process/process_memory.cc:41] short read
[0813/132954.207084:ERROR:third_party/crashpad/crashpad/util/process/process_memory.cc:41] short read
[0813/132954.207108:ERROR:third_party/crashpad/crashpad/util/process/process_memory.cc:41] short read
[0813/132954.207146:ERROR:third_party/crashpad/crashpad/util/process/process_memory.cc:41] short read
[0813/132954.207172:ERROR:third_party/crashpad/crashpad/util/process/process_memory.cc:41] short read
[0813/132954.207200:ERROR:third_party/crashpad/crashpad/util/process/process_memory.cc:41] short read
[0813/132954.207228:ERROR:third_party/crashpad/crashpad/util/process/process_memory.cc:41] short read
[0813/132954.207241:ERROR:third_party/crashpad/crashpad/util/process/process_memory.cc:41] short read
[0813/132954.207250:ERROR:third_party/crashpad/crashpad/util/process/process_memory.cc:41] short read
[0813/132954.207259:ERROR:third_party/crashpad/crashpad/util/process/process_memory.cc:41] short read
[0813/132954.207268:ERROR:third_party/crashpad/crashpad/util/process/process_memory.cc:41] short read
[0813/132954.207277:ERROR:third_party/crashpad/crashpad/util/process/process_memory.cc:41] short read
[0813/132954.207285:ERROR:third_party/crashpad/crashpad/util/process/process_memory.cc:41] short read
[0813/132954.207294:ERROR:third_party/crashpad/crashpad/util/process/process_memory.cc:41] short read
[0813/132954.207303:ERROR:third_party/crashpad/crashpad/util/process/process_memory.cc:41] short read
[0813/132954.207311:ERROR:third_party/crashpad/crashpad/util/process/process_memory.cc:41] short read
[0813/132954.207328:ERROR:third_party/crashpad/crashpad/util/process/process_memory.cc:41] short read
[0813/132954.207338:ERROR:third_party/crashpad/crashpad/util/process/process_memory.cc:41] short read
[0813/132954.207346:ERROR:third_party/crashpad/crashpad/util/process/process_memory.cc:41] short read
[0813/132954.207354:ERROR:third_party/crashpad/crashpad/util/process/process_memory.cc:41] short read
[0813/132954.207362:ERROR:third_party/crashpad/crashpad/util/process/process_memory.cc:41] short read
[0813/132954.207371:ERROR:third_party/crashpad/crashpad/util/process/process_memory.cc:41] short read
[0813/132954.207380:ERROR:third_party/crashpad/crashpad/util/process/process_memory.cc:41] short read
[0813/132954.207389:ERROR:third_party/crashpad/crashpad/util/process/process_memory.cc:41] short read
[0813/132954.207398:ERROR:third_party/crashpad/crashpad/util/process/process_memory.cc:41] short read
[0813/132954.207406:ERROR:third_party/crashpad/crashpad/util/process/process_memory.cc:41] short read
[0813/132954.207414:ERROR:third_party/crashpad/crashpad/util/process/process_memory.cc:41] short read
[0813/132954.207422:ERROR:third_party/crashpad/crashpad/util/process/process_memory.cc:41] short read
[0813/132954.207431:ERROR:third_party/crashpad/crashpad/util/process/process_memory.cc:41] short read
[0813/132954.207440:ERROR:third_party/crashpad/crashpad/util/process/process_memory.cc:41] short read
[0813/132954.207448:ERROR:third_party/crashpad/crashpad/util/process/process_memory.cc:41] short read
[0813/132954.207457:ERROR:third_party/crashpad/crashpad/util/process/process_memory.cc:41] short read
[0813/132954.207465:ERROR:third_party/crashpad/crashpad/util/process/process_memory.cc:41] short read
[0813/132954.207474:ERROR:third_party/crashpad/crashpad/util/process/process_memory.cc:41] short read
[0813/132954.207483:ERROR:third_party/crashpad/crashpad/util/process/process_memory.cc:41] short read
[0813/132954.207492:ERROR:third_party/crashpad/crashpad/util/process/process_memory.cc:41] short read
[0813/132954.207501:ERROR:third_party/crashpad/crashpad/util/process/process_memory.cc:41] short read
[0813/132954.207510:ERROR:third_party/crashpad/crashpad/util/process/process_memory.cc:41] short read
[0813/132954.207519:ERROR:third_party/crashpad/crashpad/util/process/process_memory.cc:41] short read
[0813/132954.207528:ERROR:third_party/crashpad/crashpad/util/process/process_memory.cc:41] short read
[0813/132954.207537:ERROR:third_party/crashpad/crashpad/util/process/process_memory.cc:41] short read
[0813/132954.207545:ERROR:third_party/crashpad/crashpad/util/process/process_memory.cc:41] short read
[0813/132954.207554:ERROR:third_party/crashpad/crashpad/util/process/process_memory.cc:41] short read
[0813/132954.207564:ERROR:third_party/crashpad/crashpad/util/process/process_memory.cc:41] short read
[0813/132954.207578:ERROR:third_party/crashpad/crashpad/util/linux/ptracer.cc:454] ptrace: No such process (3)
[0813/132954.207592:ERROR:third_party/crashpad/crashpad/util/linux/ptracer.cc:480] Unexpected registers size 0 != 216
[0813/132954.207602:WARNING:third_party/crashpad/crashpad/snapshot/linux/process_reader_linux.cc:400] Couldn't initialize main thread.
[0813/132954.207670:ERROR:third_party/crashpad/crashpad/util/process/process_memory.cc:41] short read
[0813/132954.207679:ERROR:third_party/crashpad/crashpad/snapshot/linux/process_snapshot_linux.cc:78] Couldn't read exception info
[0813/132954.208134:ERROR:third_party/crashpad/crashpad/util/linux/scoped_ptrace_attach.cc:45] ptrace: No such process (3)
[3009392:3009432:0813/132954.190739:ERROR:content/common/zygote/zygote_communication_linux.cc:164] NOTREACHED hit. Did not receive ping from zygote child
[3009392:3009432:0813/132954.293370:ERROR:content/common/zygote/zygote_communication_linux.cc:164] NOTREACHED hit. Did not receive ping from zygote child
[3009392:3009392:0813/132954.300100:ERROR:dbus/object_proxy.cc:590] Failed to call method: org.freedesktop.DBus.NameHasOwner: object_path= /org/freedesktop/DBus: unknown error type: 
[3009392:3009392:0813/132954.300447:ERROR:dbus/object_proxy.cc:590] Failed to call method: org.freedesktop.DBus.NameHasOwner: object_path= /org/freedesktop/DBus: unknown error type: 
[3009392:3009432:0813/132954.302305:ERROR:content/common/zygote/zygote_communication_linux.cc:224] Failed to send Reap message to zygote
