mkdir: cannot create directory ‘/.local’: Permission denied
touch: cannot touch '/.local/share/applications/mimeapps.list': No such file or directory
MESA-INTEL: warning: Ivy Bridge Vulkan support is incomplete
error: XDG_RUNTIME_DIR is invalid or not set in the environment.
WARNING: Some incorrect rendering might occur because the selected Vulkan device (Intel(R) HD Graphics 4000 (IVB GT2)) doesn't support base Zink requirements: have_EXT_custom_border_color 
[2550412:2550448:0817/011157.220541:ERROR:dbus/bus.cc:408] Failed to connect to the bus: Could not parse server address: Unknown address type (examples of valid types are "tcp" and on UNIX "unix")
[2550412:2550448:0817/011157.220668:ERROR:dbus/bus.cc:408] Failed to connect to the bus: Could not parse server address: Unknown address type (examples of valid types are "tcp" and on UNIX "unix")
[2550412:2550448:0817/011157.220691:ERROR:dbus/bus.cc:408] Failed to connect to the bus: Could not parse server address: Unknown address type (examples of valid types are "tcp" and on UNIX "unix")
[2550412:2550448:0817/011157.220710:ERROR:dbus/bus.cc:408] Failed to connect to the bus: Could not parse server address: Unknown address type (examples of valid types are "tcp" and on UNIX "unix")
[2550412:2550448:0817/011157.244015:ERROR:dbus/bus.cc:408] Failed to connect to the bus: Could not parse server address: Unknown address type (examples of valid types are "tcp" and on UNIX "unix")
[2550412:2550448:0817/011157.262994:ERROR:dbus/bus.cc:408] Failed to connect to the bus: Could not parse server address: Unknown address type (examples of valid types are "tcp" and on UNIX "unix")

DevTools listening on ws://127.0.0.1:9327/devtools/browser/53b913f0-9621-426a-8f19-ad275d54fae3
[2550412:2550444:0817/011157.296657:ERROR:dbus/bus.cc:408] Failed to connect to the bus: Could not parse server address: Unknown address type (examples of valid types are "tcp" and on UNIX "unix")
[2550412:2550448:0817/011157.344746:ERROR:dbus/bus.cc:408] Failed to connect to the bus: Could not parse server address: Unknown address type (examples of valid types are "tcp" and on UNIX "unix")
[2550412:2550448:0817/011157.344778:ERROR:dbus/bus.cc:408] Failed to connect to the bus: Could not parse server address: Unknown address type (examples of valid types are "tcp" and on UNIX "unix")
[2550412:2550412:0817/011157.425001:ERROR:dbus/object_proxy.cc:590] Failed to call method: org.freedesktop.DBus.NameHasOwner: object_path= /org/freedesktop/DBus: unknown error type: 
[2550412:2550412:0817/011157.426255:ERROR:dbus/object_proxy.cc:590] Failed to call method: org.freedesktop.DBus.NameHasOwner: object_path= /org/freedesktop/DBus: unknown error type: 
[2550412:2550412:0817/011157.426437:ERROR:dbus/object_proxy.cc:590] Failed to call method: org.freedesktop.DBus.NameHasOwner: object_path= /org/freedesktop/DBus: unknown error type: 
[2550412:2550448:0817/011157.426514:ERROR:dbus/bus.cc:408] Failed to connect to the bus: Could not parse server address: Unknown address type (examples of valid types are "tcp" and on UNIX "unix")
[2550412:2550412:0817/011157.446444:ERROR:dbus/object_proxy.cc:590] Failed to call method: org.freedesktop.DBus.NameHasOwner: object_path= /org/freedesktop/DBus: unknown error type: 
[2550412:2550486:0817/011157.448426:ERROR:dbus/bus.cc:408] Failed to connect to the bus: Could not parse server address: Unknown address type (examples of valid types are "tcp" and on UNIX "unix")
[2550412:2550412:0817/011157.474648:ERROR:dbus/object_proxy.cc:590] Failed to call method: org.freedesktop.DBus.NameHasOwner: object_path= /org/freedesktop/DBus: unknown error type: 
[2550412:2550412:0817/011157.481738:ERROR:dbus/object_proxy.cc:590] Failed to call method: org.freedesktop.DBus.NameHasOwner: object_path= /org/freedesktop/DBus: unknown error type: 
[2550412:2550487:0817/011157.481978:ERROR:dbus/bus.cc:408] Failed to connect to the bus: Could not parse server address: Unknown address type (examples of valid types are "tcp" and on UNIX "unix")
[2550412:2550412:0817/011157.495809:ERROR:dbus/object_proxy.cc:590] Failed to call method: org.freedesktop.DBus.NameHasOwner: object_path= /org/freedesktop/DBus: unknown error type: 
[2550412:2550488:0817/011157.496166:ERROR:dbus/bus.cc:408] Failed to connect to the bus: Could not parse server address: Unknown address type (examples of valid types are "tcp" and on UNIX "unix")
[2550412:2550412:0817/011157.508300:ERROR:dbus/object_proxy.cc:590] Failed to call method: org.freedesktop.DBus.NameHasOwner: object_path= /org/freedesktop/DBus: unknown error type: 
[2550412:2550487:0817/011157.508429:ERROR:dbus/bus.cc:408] Failed to connect to the bus: Could not parse server address: Unknown address type (examples of valid types are "tcp" and on UNIX "unix")
[2550412:2550412:0817/011157.513802:ERROR:dbus/object_proxy.cc:590] Failed to call method: org.freedesktop.DBus.NameHasOwner: object_path= /org/freedesktop/DBus: unknown error type: 
mkdir: cannot create directory ‘/.local’: Permission denied
touch: cannot touch '/.local/share/applications/mimeapps.list': No such file or directory
MESA-INTEL: warning: Ivy Bridge Vulkan support is incomplete
error: XDG_RUNTIME_DIR is invalid or not set in the environment.
WARNING: Some incorrect rendering might occur because the selected Vulkan device (Intel(R) HD Graphics 4000 (IVB GT2)) doesn't support base Zink requirements: have_EXT_custom_border_color 
[2550868:2550912:0817/011229.480403:ERROR:dbus/bus.cc:408] Failed to connect to the bus: Could not parse server address: Unknown address type (examples of valid types are "tcp" and on UNIX "unix")
[2550868:2550912:0817/011229.480584:ERROR:dbus/bus.cc:408] Failed to connect to the bus: Could not parse server address: Unknown address type (examples of valid types are "tcp" and on UNIX "unix")
[2550868:2550912:0817/011229.480638:ERROR:dbus/bus.cc:408] Failed to connect to the bus: Could not parse server address: Unknown address type (examples of valid types are "tcp" and on UNIX "unix")
[2550868:2550912:0817/011229.480896:ERROR:dbus/bus.cc:408] Failed to connect to the bus: Could not parse server address: Unknown address type (examples of valid types are "tcp" and on UNIX "unix")
[2550868:2550912:0817/011229.498003:ERROR:dbus/bus.cc:408] Failed to connect to the bus: Could not parse server address: Unknown address type (examples of valid types are "tcp" and on UNIX "unix")
[2550868:2550912:0817/011229.515441:ERROR:dbus/bus.cc:408] Failed to connect to the bus: Could not parse server address: Unknown address type (examples of valid types are "tcp" and on UNIX "unix")

DevTools listening on ws://127.0.0.1:9327/devtools/browser/202ae803-11af-4465-bffd-cd5885d82c7a
[2550868:2550908:0817/011229.546275:ERROR:dbus/bus.cc:408] Failed to connect to the bus: Could not parse server address: Unknown address type (examples of valid types are "tcp" and on UNIX "unix")
[2550868:2550912:0817/011229.594146:ERROR:dbus/bus.cc:408] Failed to connect to the bus: Could not parse server address: Unknown address type (examples of valid types are "tcp" and on UNIX "unix")
[2550868:2550912:0817/011229.594235:ERROR:dbus/bus.cc:408] Failed to connect to the bus: Could not parse server address: Unknown address type (examples of valid types are "tcp" and on UNIX "unix")
[2550868:2550868:0817/011229.670735:ERROR:dbus/object_proxy.cc:590] Failed to call method: org.freedesktop.DBus.NameHasOwner: object_path= /org/freedesktop/DBus: unknown error type: 
[2550868:2550868:0817/011229.672041:ERROR:dbus/object_proxy.cc:590] Failed to call method: org.freedesktop.DBus.NameHasOwner: object_path= /org/freedesktop/DBus: unknown error type: 
[2550868:2550912:0817/011229.672127:ERROR:dbus/bus.cc:408] Failed to connect to the bus: Could not parse server address: Unknown address type (examples of valid types are "tcp" and on UNIX "unix")
[2550868:2550868:0817/011229.672300:ERROR:dbus/object_proxy.cc:590] Failed to call method: org.freedesktop.DBus.NameHasOwner: object_path= /org/freedesktop/DBus: unknown error type: 
[2550868:2550868:0817/011229.690093:ERROR:dbus/object_proxy.cc:590] Failed to call method: org.freedesktop.DBus.NameHasOwner: object_path= /org/freedesktop/DBus: unknown error type: 
[2550868:2550942:0817/011229.690930:ERROR:dbus/bus.cc:408] Failed to connect to the bus: Could not parse server address: Unknown address type (examples of valid types are "tcp" and on UNIX "unix")
[2550868:2550868:0817/011229.713646:ERROR:dbus/object_proxy.cc:590] Failed to call method: org.freedesktop.DBus.NameHasOwner: object_path= /org/freedesktop/DBus: unknown error type: 
[2550868:2550868:0817/011229.724708:ERROR:dbus/object_proxy.cc:590] Failed to call method: org.freedesktop.DBus.NameHasOwner: object_path= /org/freedesktop/DBus: unknown error type: 
[2550868:2550909:0817/011229.724814:ERROR:dbus/bus.cc:408] Failed to connect to the bus: Could not parse server address: Unknown address type (examples of valid types are "tcp" and on UNIX "unix")
[2550868:2550868:0817/011229.751307:ERROR:dbus/object_proxy.cc:590] Failed to call method: org.freedesktop.DBus.NameHasOwner: object_path= /org/freedesktop/DBus: unknown error type: 
[2550868:2550909:0817/011229.751924:ERROR:dbus/bus.cc:408] Failed to connect to the bus: Could not parse server address: Unknown address type (examples of valid types are "tcp" and on UNIX "unix")
[2550868:2550868:0817/011229.759084:ERROR:dbus/object_proxy.cc:590] Failed to call method: org.freedesktop.DBus.NameHasOwner: object_path= /org/freedesktop/DBus: unknown error type: 
[2550868:2550909:0817/011229.759210:ERROR:dbus/bus.cc:408] Failed to connect to the bus: Could not parse server address: Unknown address type (examples of valid types are "tcp" and on UNIX "unix")
[2550868:2550868:0817/011229.765878:ERROR:dbus/object_proxy.cc:590] Failed to call method: org.freedesktop.DBus.NameHasOwner: object_path= /org/freedesktop/DBus: unknown error type: 
mkdir: cannot create directory ‘/.local’: Permission denied
touch: cannot touch '/.local/share/applications/mimeapps.list': No such file or directory
MESA-INTEL: warning: Ivy Bridge Vulkan support is incomplete
error: XDG_RUNTIME_DIR is invalid or not set in the environment.
WARNING: Some incorrect rendering might occur because the selected Vulkan device (Intel(R) HD Graphics 4000 (IVB GT2)) doesn't support base Zink requirements: have_EXT_custom_border_color 
[2551190:2551225:0817/011250.058018:ERROR:dbus/bus.cc:408] Failed to connect to the bus: Could not parse server address: Unknown address type (examples of valid types are "tcp" and on UNIX "unix")
[2551190:2551225:0817/011250.058121:ERROR:dbus/bus.cc:408] Failed to connect to the bus: Could not parse server address: Unknown address type (examples of valid types are "tcp" and on UNIX "unix")
[2551190:2551225:0817/011250.058150:ERROR:dbus/bus.cc:408] Failed to connect to the bus: Could not parse server address: Unknown address type (examples of valid types are "tcp" and on UNIX "unix")
[2551190:2551225:0817/011250.058264:ERROR:dbus/bus.cc:408] Failed to connect to the bus: Could not parse server address: Unknown address type (examples of valid types are "tcp" and on UNIX "unix")
[2551190:2551225:0817/011250.081043:ERROR:dbus/bus.cc:408] Failed to connect to the bus: Could not parse server address: Unknown address type (examples of valid types are "tcp" and on UNIX "unix")
[2551190:2551225:0817/011250.107544:ERROR:dbus/bus.cc:408] Failed to connect to the bus: Could not parse server address: Unknown address type (examples of valid types are "tcp" and on UNIX "unix")

DevTools listening on ws://127.0.0.1:9327/devtools/browser/debdc81f-40e7-4204-9802-1e28c90a9323
[2551190:2551222:0817/011250.136355:ERROR:dbus/bus.cc:408] Failed to connect to the bus: Could not parse server address: Unknown address type (examples of valid types are "tcp" and on UNIX "unix")
[2551190:2551225:0817/011250.177260:ERROR:dbus/bus.cc:408] Failed to connect to the bus: Could not parse server address: Unknown address type (examples of valid types are "tcp" and on UNIX "unix")
[2551190:2551225:0817/011250.177288:ERROR:dbus/bus.cc:408] Failed to connect to the bus: Could not parse server address: Unknown address type (examples of valid types are "tcp" and on UNIX "unix")
[2551190:2551190:0817/011250.249857:ERROR:dbus/object_proxy.cc:590] Failed to call method: org.freedesktop.DBus.NameHasOwner: object_path= /org/freedesktop/DBus: unknown error type: 
[2551190:2551190:0817/011250.251131:ERROR:dbus/object_proxy.cc:590] Failed to call method: org.freedesktop.DBus.NameHasOwner: object_path= /org/freedesktop/DBus: unknown error type: 
[2551190:2551225:0817/011250.251231:ERROR:dbus/bus.cc:408] Failed to connect to the bus: Could not parse server address: Unknown address type (examples of valid types are "tcp" and on UNIX "unix")
[2551190:2551190:0817/011250.251503:ERROR:dbus/object_proxy.cc:590] Failed to call method: org.freedesktop.DBus.NameHasOwner: object_path= /org/freedesktop/DBus: unknown error type: 
[2551190:2551190:0817/011250.268686:ERROR:dbus/object_proxy.cc:590] Failed to call method: org.freedesktop.DBus.NameHasOwner: object_path= /org/freedesktop/DBus: unknown error type: 
[2551190:2551254:0817/011250.269912:ERROR:dbus/bus.cc:408] Failed to connect to the bus: Could not parse server address: Unknown address type (examples of valid types are "tcp" and on UNIX "unix")
[2551190:2551190:0817/011250.286409:ERROR:dbus/object_proxy.cc:590] Failed to call method: org.freedesktop.DBus.NameHasOwner: object_path= /org/freedesktop/DBus: unknown error type: 
[2551190:2551190:0817/011250.297340:ERROR:dbus/object_proxy.cc:590] Failed to call method: org.freedesktop.DBus.NameHasOwner: object_path= /org/freedesktop/DBus: unknown error type: 
[2551190:2551253:0817/011250.297747:ERROR:dbus/bus.cc:408] Failed to connect to the bus: Could not parse server address: Unknown address type (examples of valid types are "tcp" and on UNIX "unix")
[2551190:2551190:0817/011250.307269:ERROR:dbus/object_proxy.cc:590] Failed to call method: org.freedesktop.DBus.NameHasOwner: object_path= /org/freedesktop/DBus: unknown error type: 
[2551190:2551221:0817/011250.307356:ERROR:dbus/bus.cc:408] Failed to connect to the bus: Could not parse server address: Unknown address type (examples of valid types are "tcp" and on UNIX "unix")
[2551190:2551190:0817/011250.316319:ERROR:dbus/object_proxy.cc:590] Failed to call method: org.freedesktop.DBus.NameHasOwner: object_path= /org/freedesktop/DBus: unknown error type: 
[2551190:2551221:0817/011250.316562:ERROR:dbus/bus.cc:408] Failed to connect to the bus: Could not parse server address: Unknown address type (examples of valid types are "tcp" and on UNIX "unix")
[2551190:2551190:0817/011250.322614:ERROR:dbus/object_proxy.cc:590] Failed to call method: org.freedesktop.DBus.NameHasOwner: object_path= /org/freedesktop/DBus: unknown error type: 
MESA-INTEL: warning: Ivy Bridge Vulkan support is incomplete
WARNING: All log messages before absl::InitializeLog() is called are written to STDERR
I0000 00:00:1786921972.685203 2551221 voice_transcription.cc:58] Registering VoiceTranscriptionCapability
[2551190:2551226:0817/011253.140002:ERROR:google_apis/gcm/engine/registration_request.cc:291] Registration response error message: PHONE_REGISTRATION_ERROR
[2551190:2551226:0817/011253.142381:ERROR:google_apis/gcm/engine/registration_request.cc:291] Registration response error message: PHONE_REGISTRATION_ERROR
MESA-INTEL: warning: Ivy Bridge Vulkan support is incomplete
error: XDG_RUNTIME_DIR is invalid or not set in the environment.
WARNING: Some incorrect rendering might occur because the selected Vulkan device (Intel(R) HD Graphics 4000 (IVB GT2)) doesn't support base Zink requirements: have_EXT_custom_border_color 
libva error: /usr/lib/x86_64-linux-gnu/dri/iHD_drv_video.so init failed
[2551262:2551262:0817/011255.987208:ERROR:components/viz/service/main/viz_main_impl.cc:184] Exiting GPU process due to errors during initialization
MESA-INTEL: warning: Ivy Bridge Vulkan support is incomplete
libva error: /usr/lib/x86_64-linux-gnu/dri/iHD_drv_video.so init failed
[2551190:2551225:0817/011301.680553:ERROR:dbus/bus.cc:408] Failed to connect to the bus: Could not parse server address: Unknown address type (examples of valid types are "tcp" and on UNIX "unix")
[2551190:2551225:0817/011301.680603:ERROR:dbus/bus.cc:408] Failed to connect to the bus: Could not parse server address: Unknown address type (examples of valid types are "tcp" and on UNIX "unix")
[2551190:2551225:0817/011301.680636:ERROR:dbus/bus.cc:408] Failed to connect to the bus: Could not parse server address: Unknown address type (examples of valid types are "tcp" and on UNIX "unix")
[2551190:2551225:0817/011301.680663:ERROR:dbus/bus.cc:408] Failed to connect to the bus: Could not parse server address: Unknown address type (examples of valid types are "tcp" and on UNIX "unix")
[2551190:2551225:0817/011302.505664:ERROR:dbus/bus.cc:408] Failed to connect to the bus: Could not parse server address: Unknown address type (examples of valid types are "tcp" and on UNIX "unix")
[2551190:2551225:0817/011302.506078:ERROR:dbus/bus.cc:408] Failed to connect to the bus: Could not parse server address: Unknown address type (examples of valid types are "tcp" and on UNIX "unix")
[2551190:2551225:0817/011305.372034:ERROR:dbus/bus.cc:408] Failed to connect to the bus: Could not parse server address: Unknown address type (examples of valid types are "tcp" and on UNIX "unix")
[2551190:2551225:0817/011305.372114:ERROR:dbus/bus.cc:408] Failed to connect to the bus: Could not parse server address: Unknown address type (examples of valid types are "tcp" and on UNIX "unix")
[2551190:2551225:0817/011311.077595:ERROR:dbus/bus.cc:408] Failed to connect to the bus: Could not parse server address: Unknown address type (examples of valid types are "tcp" and on UNIX "unix")
[2551190:2551225:0817/011311.077735:ERROR:dbus/bus.cc:408] Failed to connect to the bus: Could not parse server address: Unknown address type (examples of valid types are "tcp" and on UNIX "unix")
[2551190:2551225:0817/011311.472090:ERROR:dbus/bus.cc:408] Failed to connect to the bus: Could not parse server address: Unknown address type (examples of valid types are "tcp" and on UNIX "unix")
[2551190:2551225:0817/011311.472208:ERROR:dbus/bus.cc:408] Failed to connect to the bus: Could not parse server address: Unknown address type (examples of valid types are "tcp" and on UNIX "unix")
[2551190:2551225:0817/011313.700015:ERROR:dbus/bus.cc:408] Failed to connect to the bus: Could not parse server address: Unknown address type (examples of valid types are "tcp" and on UNIX "unix")
[2551190:2551225:0817/011313.700067:ERROR:dbus/bus.cc:408] Failed to connect to the bus: Could not parse server address: Unknown address type (examples of valid types are "tcp" and on UNIX "unix")
[2551190:2551226:0817/011315.735689:ERROR:google_apis/gcm/engine/registration_request.cc:291] Registration response error message: DEPRECATED_ENDPOINT
[2551190:2551225:0817/011322.615486:ERROR:dbus/bus.cc:408] Failed to connect to the bus: Could not parse server address: Unknown address type (examples of valid types are "tcp" and on UNIX "unix")
[2551190:2551225:0817/011322.615624:ERROR:dbus/bus.cc:408] Failed to connect to the bus: Could not parse server address: Unknown address type (examples of valid types are "tcp" and on UNIX "unix")
Created TensorFlow Lite XNNPACK delegate for CPU.
Attempting to use a delegate that only supports static-sized tensors with a graph that has dynamic-sized tensors (tensor#-1 is a dynamic-sized tensor).
[2551190:2551225:0817/011323.119408:ERROR:dbus/bus.cc:408] Failed to connect to the bus: Could not parse server address: Unknown address type (examples of valid types are "tcp" and on UNIX "unix")
[2551190:2551225:0817/011323.119546:ERROR:dbus/bus.cc:408] Failed to connect to the bus: Could not parse server address: Unknown address type (examples of valid types are "tcp" and on UNIX "unix")
[2551190:2551225:0817/011357.739448:ERROR:dbus/bus.cc:408] Failed to connect to the bus: Could not parse server address: Unknown address type (examples of valid types are "tcp" and on UNIX "unix")
[2551190:2551225:0817/011357.739615:ERROR:dbus/bus.cc:408] Failed to connect to the bus: Could not parse server address: Unknown address type (examples of valid types are "tcp" and on UNIX "unix")
[2551190:2551225:0817/011357.739705:ERROR:dbus/bus.cc:408] Failed to connect to the bus: Could not parse server address: Unknown address type (examples of valid types are "tcp" and on UNIX "unix")
[2551190:2551226:0817/011415.218156:ERROR:google_apis/gcm/engine/registration_request.cc:291] Registration response error message: DEPRECATED_ENDPOINT
WARNING: All log messages before absl::InitializeLog() is called are written to STDERR
I0000 00:00:1786922150.126253 2553252 voice_transcription.cc:58] Registering VoiceTranscriptionCapability
MESA-INTEL: warning: Ivy Bridge Vulkan support is incomplete
error: XDG_RUNTIME_DIR is invalid or not set in the environment.
error: XDG_RUNTIME_DIR is invalid or not set in the environment.
[2551190:2551190:0817/011550.160405:ERROR:services/on_device_model/public/cpp/service_client.cc:36] Unexpected on_device_model service disconnect: The device's GPU is not supported.
mkdir: cannot create directory ‘/.local’: Permission denied
touch: cannot touch '/.local/share/applications/mimeapps.list': No such file or directory
MESA-INTEL: warning: Ivy Bridge Vulkan support is incomplete
error: XDG_RUNTIME_DIR is invalid or not set in the environment.
WARNING: Some incorrect rendering might occur because the selected Vulkan device (Intel(R) HD Graphics 4000 (IVB GT2)) doesn't support base Zink requirements: have_EXT_custom_border_color 
[2554005:2554034:0817/011711.497294:ERROR:dbus/bus.cc:408] Failed to connect to the bus: Could not parse server address: Unknown address type (examples of valid types are "tcp" and on UNIX "unix")
[2554005:2554034:0817/011711.497433:ERROR:dbus/bus.cc:408] Failed to connect to the bus: Could not parse server address: Unknown address type (examples of valid types are "tcp" and on UNIX "unix")
[2554005:2554034:0817/011711.497458:ERROR:dbus/bus.cc:408] Failed to connect to the bus: Could not parse server address: Unknown address type (examples of valid types are "tcp" and on UNIX "unix")
[2554005:2554034:0817/011711.497479:ERROR:dbus/bus.cc:408] Failed to connect to the bus: Could not parse server address: Unknown address type (examples of valid types are "tcp" and on UNIX "unix")
[2554005:2554034:0817/011711.518026:ERROR:dbus/bus.cc:408] Failed to connect to the bus: Could not parse server address: Unknown address type (examples of valid types are "tcp" and on UNIX "unix")
[2554005:2554034:0817/011711.544095:ERROR:dbus/bus.cc:408] Failed to connect to the bus: Could not parse server address: Unknown address type (examples of valid types are "tcp" and on UNIX "unix")

DevTools listening on ws://127.0.0.1:9327/devtools/browser/c44469bb-281e-4afd-9dc6-e28bc882d2ac
[2554005:2554075:0817/011711.577317:ERROR:dbus/bus.cc:408] Failed to connect to the bus: Could not parse server address: Unknown address type (examples of valid types are "tcp" and on UNIX "unix")
[2554005:2554034:0817/011711.617682:ERROR:dbus/bus.cc:408] Failed to connect to the bus: Could not parse server address: Unknown address type (examples of valid types are "tcp" and on UNIX "unix")
[2554005:2554034:0817/011711.617708:ERROR:dbus/bus.cc:408] Failed to connect to the bus: Could not parse server address: Unknown address type (examples of valid types are "tcp" and on UNIX "unix")
[2554005:2554005:0817/011711.704510:ERROR:dbus/object_proxy.cc:590] Failed to call method: org.freedesktop.DBus.NameHasOwner: object_path= /org/freedesktop/DBus: unknown error type: 
[2554005:2554005:0817/011711.705702:ERROR:dbus/object_proxy.cc:590] Failed to call method: org.freedesktop.DBus.NameHasOwner: object_path= /org/freedesktop/DBus: unknown error type: 
[2554005:2554034:0817/011711.705795:ERROR:dbus/bus.cc:408] Failed to connect to the bus: Could not parse server address: Unknown address type (examples of valid types are "tcp" and on UNIX "unix")
[2554005:2554005:0817/011711.705976:ERROR:dbus/object_proxy.cc:590] Failed to call method: org.freedesktop.DBus.NameHasOwner: object_path= /org/freedesktop/DBus: unknown error type: 
[2554005:2554005:0817/011711.733594:ERROR:dbus/object_proxy.cc:590] Failed to call method: org.freedesktop.DBus.NameHasOwner: object_path= /org/freedesktop/DBus: unknown error type: 
[2554005:2554076:0817/011711.733707:ERROR:dbus/bus.cc:408] Failed to connect to the bus: Could not parse server address: Unknown address type (examples of valid types are "tcp" and on UNIX "unix")
[2554005:2554005:0817/011711.758178:ERROR:dbus/object_proxy.cc:590] Failed to call method: org.freedesktop.DBus.NameHasOwner: object_path= /org/freedesktop/DBus: unknown error type: 
[2554005:2554005:0817/011711.771045:ERROR:dbus/object_proxy.cc:590] Failed to call method: org.freedesktop.DBus.NameHasOwner: object_path= /org/freedesktop/DBus: unknown error type: 
[2554005:2554099:0817/011711.771245:ERROR:dbus/bus.cc:408] Failed to connect to the bus: Could not parse server address: Unknown address type (examples of valid types are "tcp" and on UNIX "unix")
[2554005:2554005:0817/011711.788103:ERROR:dbus/object_proxy.cc:590] Failed to call method: org.freedesktop.DBus.NameHasOwner: object_path= /org/freedesktop/DBus: unknown error type: 
[2554005:2554031:0817/011711.788191:ERROR:dbus/bus.cc:408] Failed to connect to the bus: Could not parse server address: Unknown address type (examples of valid types are "tcp" and on UNIX "unix")
[2554005:2554005:0817/011711.790315:ERROR:dbus/object_proxy.cc:590] Failed to call method: org.freedesktop.DBus.NameHasOwner: object_path= /org/freedesktop/DBus: unknown error type: 
[2554005:2554031:0817/011711.790392:ERROR:dbus/bus.cc:408] Failed to connect to the bus: Could not parse server address: Unknown address type (examples of valid types are "tcp" and on UNIX "unix")
[2554005:2554005:0817/011711.793105:ERROR:dbus/object_proxy.cc:590] Failed to call method: org.freedesktop.DBus.NameHasOwner: object_path= /org/freedesktop/DBus: unknown error type: 
MESA-INTEL: warning: Ivy Bridge Vulkan support is incomplete
WARNING: All log messages before absl::InitializeLog() is called are written to STDERR
I0000 00:00:1786922235.545435 2554032 voice_transcription.cc:58] Registering VoiceTranscriptionCapability
MESA-INTEL: warning: Ivy Bridge Vulkan support is incomplete
error: XDG_RUNTIME_DIR is invalid or not set in the environment.
WARNING: Some incorrect rendering might occur because the selected Vulkan device (Intel(R) HD Graphics 4000 (IVB GT2)) doesn't support base Zink requirements: have_EXT_custom_border_color 
libva error: /usr/lib/x86_64-linux-gnu/dri/iHD_drv_video.so init failed
[2554080:2554080:0817/011717.404932:ERROR:components/viz/service/main/viz_main_impl.cc:184] Exiting GPU process due to errors during initialization
MESA-INTEL: warning: Ivy Bridge Vulkan support is incomplete
libva error: /usr/lib/x86_64-linux-gnu/dri/iHD_drv_video.so init failed
[2554005:2554034:0817/011730.567069:ERROR:dbus/bus.cc:408] Failed to connect to the bus: Could not parse server address: Unknown address type (examples of valid types are "tcp" and on UNIX "unix")
[2554005:2554034:0817/011730.567203:ERROR:dbus/bus.cc:408] Failed to connect to the bus: Could not parse server address: Unknown address type (examples of valid types are "tcp" and on UNIX "unix")
[2554005:2554034:0817/011730.567287:ERROR:dbus/bus.cc:408] Failed to connect to the bus: Could not parse server address: Unknown address type (examples of valid types are "tcp" and on UNIX "unix")
[2554005:2554034:0817/011731.496468:ERROR:dbus/bus.cc:408] Failed to connect to the bus: Could not parse server address: Unknown address type (examples of valid types are "tcp" and on UNIX "unix")
[2554005:2554034:0817/011731.496578:ERROR:dbus/bus.cc:408] Failed to connect to the bus: Could not parse server address: Unknown address type (examples of valid types are "tcp" and on UNIX "unix")
[2554005:2554034:0817/011731.496647:ERROR:dbus/bus.cc:408] Failed to connect to the bus: Could not parse server address: Unknown address type (examples of valid types are "tcp" and on UNIX "unix")
[2554005:2554034:0817/011731.757831:ERROR:dbus/bus.cc:408] Failed to connect to the bus: Could not parse server address: Unknown address type (examples of valid types are "tcp" and on UNIX "unix")
[2554005:2554034:0817/011731.757880:ERROR:dbus/bus.cc:408] Failed to connect to the bus: Could not parse server address: Unknown address type (examples of valid types are "tcp" and on UNIX "unix")
[2554005:2554034:0817/011731.757907:ERROR:dbus/bus.cc:408] Failed to connect to the bus: Could not parse server address: Unknown address type (examples of valid types are "tcp" and on UNIX "unix")
[2554005:2554034:0817/011731.757929:ERROR:dbus/bus.cc:408] Failed to connect to the bus: Could not parse server address: Unknown address type (examples of valid types are "tcp" and on UNIX "unix")
[2554005:2554034:0817/011736.755443:ERROR:dbus/bus.cc:408] Failed to connect to the bus: Could not parse server address: Unknown address type (examples of valid types are "tcp" and on UNIX "unix")
[2554005:2554034:0817/011736.755521:ERROR:dbus/bus.cc:408] Failed to connect to the bus: Could not parse server address: Unknown address type (examples of valid types are "tcp" and on UNIX "unix")
[2554005:2554035:0817/011737.059996:ERROR:google_apis/gcm/engine/registration_request.cc:291] Registration response error message: DEPRECATED_ENDPOINT
[2554086:2554108:0817/011743.196467:ERROR:net/socket/ssl_client_socket_impl.cc:896] handshake failed; returned -1, SSL error code 1, net_error -100
