npm warn cli npm v11.16.0 does not support Node.js v18.19.1. This version of npm supports the following node versions: `^20.17.0 || >=22.9.0`. You can find the latest version at https://nodejs.org/.

> pokie@1.3.0 prebuild
> npm run lint

npm warn cli npm v11.16.0 does not support Node.js v18.19.1. This version of npm supports the following node versions: `^20.17.0 || >=22.9.0`. You can find the latest version at https://nodejs.org/.

> pokie@1.3.0 lint
> eslint . --ext .ts,.tsx


/home/stager/Work/sta-ger/agents/worktrees/pokie-phase-6-final-polishing/task_P6-06-20260816214456/cli/studio-client/src/components/common/SymbolPresentation.tsx
  40:8  warning  React Hook useEffect has a missing dependency: 'enabled'. Either include it or remove the dependency array  react-hooks/exhaustive-deps

✖ 1 problem (0 errors, 1 warning)


> pokie@1.3.0 build
> npm run generate-barrels && shx rm -rf ./dist && npm run build-esm && npm run build-cjs && npm run build-cli

npm warn cli npm v11.16.0 does not support Node.js v18.19.1. This version of npm supports the following node versions: `^20.17.0 || >=22.9.0`. You can find the latest version at https://nodejs.org/.

> pokie@1.3.0 generate-barrels
> node generate-barrels.js

npm warn cli npm v11.16.0 does not support Node.js v18.19.1. This version of npm supports the following node versions: `^20.17.0 || >=22.9.0`. You can find the latest version at https://nodejs.org/.

> pokie@1.3.0 build-esm
> npm run generate-barrels && tsc --project tsconfig.prod.json && shx cp src/simulation/parallel/internal/resolveDefaultWorkerEntryUrl.mjs dist/esm/simulation/parallel/internal/resolveDefaultWorkerEntryUrl.mjs

npm warn cli npm v11.16.0 does not support Node.js v18.19.1. This version of npm supports the following node versions: `^20.17.0 || >=22.9.0`. You can find the latest version at https://nodejs.org/.

> pokie@1.3.0 generate-barrels
> node generate-barrels.js

npm warn cli npm v11.16.0 does not support Node.js v18.19.1. This version of npm supports the following node versions: `^20.17.0 || >=22.9.0`. You can find the latest version at https://nodejs.org/.

> pokie@1.3.0 build-cjs
> npm run generate-barrels && tsc --project tsconfig.prod.json --module CommonJS --outDir dist/cjs && node write-cjs-package-json.js && shx cp src/simulation/parallel/internal/resolveDefaultWorkerEntryUrl.mjs dist/cjs/simulation/parallel/internal/resolveDefaultWorkerEntryUrl.mjs

npm warn cli npm v11.16.0 does not support Node.js v18.19.1. This version of npm supports the following node versions: `^20.17.0 || >=22.9.0`. You can find the latest version at https://nodejs.org/.

> pokie@1.3.0 generate-barrels
> node generate-barrels.js

npm warn cli npm v11.16.0 does not support Node.js v18.19.1. This version of npm supports the following node versions: `^20.17.0 || >=22.9.0`. You can find the latest version at https://nodejs.org/.

> pokie@1.3.0 build-cli
> tsc --project tsconfig.cli.json && npm run build-client && npm run build-studio-client && shx chmod +x dist/cli/pokie.js

npm warn cli npm v11.16.0 does not support Node.js v18.19.1. This version of npm supports the following node versions: `^20.17.0 || >=22.9.0`. You can find the latest version at https://nodejs.org/.

> pokie@1.3.0 build-client
> tsc --project tsconfig.client.json && shx cp cli/client/index.html cli/client/style.css dist/cli/client/

npm warn cli npm v11.16.0 does not support Node.js v18.19.1. This version of npm supports the following node versions: `^20.17.0 || >=22.9.0`. You can find the latest version at https://nodejs.org/.

> pokie@1.3.0 build-studio-client
> npm run typecheck-studio-client && vite build --config cli/studio-client/vite.config.ts

npm warn cli npm v11.16.0 does not support Node.js v18.19.1. This version of npm supports the following node versions: `^20.17.0 || >=22.9.0`. You can find the latest version at https://nodejs.org/.

> pokie@1.3.0 typecheck-studio-client
> tsc --project cli/studio-client/tsconfig.json --noEmit

file:///home/stager/Work/sta-ger/agents/worktrees/pokie-phase-6-final-polishing/task_P6-06-20260816214456/node_modules/rolldown/dist/shared/rolldown-build-CtPvmZgJ.mjs:9
import { formatWithOptions, styleText } from "node:util";
                            ^^^^^^^^^
SyntaxError: The requested module 'node:util' does not provide an export named 'styleText'
    at ModuleJob._instantiate (node:internal/modules/esm/module_job:123:21)
    at async ModuleJob.run (node:internal/modules/esm/module_job:191:5)
    at async ModuleLoader.import (node:internal/modules/esm/loader:336:24)

Node.js v18.19.1
