mkdir: cannot create directory ‘/.local’: Permission denied
touch: cannot touch '/.local/share/applications/mimeapps.list': No such file or directory
[1114804:1114853:0811/000555.704685:ERROR:dbus/bus.cc:408] Failed to connect to the bus: Could not parse server address: Unknown address type (examples of valid types are "tcp" and on UNIX "unix")
[1114804:1114853:0811/000555.704847:ERROR:dbus/bus.cc:408] Failed to connect to the bus: Could not parse server address: Unknown address type (examples of valid types are "tcp" and on UNIX "unix")
[1114804:1114853:0811/000555.707751:ERROR:dbus/bus.cc:408] Failed to connect to the bus: Could not parse server address: Unknown address type (examples of valid types are "tcp" and on UNIX "unix")
[1114804:1114853:0811/000555.707830:ERROR:dbus/bus.cc:408] Failed to connect to the bus: Could not parse server address: Unknown address type (examples of valid types are "tcp" and on UNIX "unix")
[1114804:1114853:0811/000555.731424:ERROR:dbus/bus.cc:408] Failed to connect to the bus: Could not parse server address: Unknown address type (examples of valid types are "tcp" and on UNIX "unix")
[1114804:1114853:0811/000555.790987:ERROR:dbus/bus.cc:408] Failed to connect to the bus: Could not parse server address: Unknown address type (examples of valid types are "tcp" and on UNIX "unix")

DevTools listening on ws://127.0.0.1:9230/devtools/browser/ff906f90-1d83-4fbf-afda-58852700f69c
[1114804:1114804:0811/000556.121352:ERROR:dbus/object_proxy.cc:590] Failed to call method: org.freedesktop.DBus.NameHasOwner: object_path= /org/freedesktop/DBus: unknown error type: 
[1114804:1114804:0811/000556.171018:ERROR:dbus/object_proxy.cc:590] Failed to call method: org.freedesktop.DBus.NameHasOwner: object_path= /org/freedesktop/DBus: unknown error type: 
[1114804:1114853:0811/000556.171666:ERROR:dbus/bus.cc:408] Failed to connect to the bus: Could not parse server address: Unknown address type (examples of valid types are "tcp" and on UNIX "unix")
[1114804:1114853:0811/000556.171824:ERROR:dbus/bus.cc:408] Failed to connect to the bus: Could not parse server address: Unknown address type (examples of valid types are "tcp" and on UNIX "unix")
[1114804:1114804:0811/000556.173004:ERROR:dbus/object_proxy.cc:590] Failed to call method: org.freedesktop.DBus.NameHasOwner: object_path= /org/freedesktop/DBus: unknown error type: 
[1114804:1114804:0811/000556.277446:ERROR:dbus/object_proxy.cc:590] Failed to call method: org.freedesktop.DBus.NameHasOwner: object_path= /org/freedesktop/DBus: unknown error type: 
[1114804:1114804:0811/000556.279928:ERROR:dbus/object_proxy.cc:590] Failed to call method: org.freedesktop.DBus.NameHasOwner: object_path= /org/freedesktop/DBus: unknown error type: 
[1115016:1:0811/000559.328573:ERROR:base/threading/platform_thread_posix.cc:160] pthread_create: Resource temporarily unavailable (11)
WARNING: All log messages before absl::InitializeLog() is called are written to STDERR
I0000 00:00:1786399559.707052 1114852 voice_transcription.cc:58] Registering VoiceTranscriptionCapability
[1114804:1114854:0811/000601.617378:ERROR:google_apis/gcm/engine/registration_request.cc:291] Registration response error message: PHONE_REGISTRATION_ERROR
[1114804:1114854:0811/000601.632528:ERROR:google_apis/gcm/engine/registration_request.cc:291] Registration response error message: PHONE_REGISTRATION_ERROR
[1115112:4:0811/000606.494777:ERROR:base/threading/platform_thread_posix.cc:160] pthread_create: Resource temporarily unavailable (11)
[1115112:1:0811/000606.495167:ERROR:base/threading/platform_thread_posix.cc:160] pthread_create: Resource temporarily unavailable (11)
[1115139:1:0811/000610.217692:ERROR:base/threading/platform_thread_posix.cc:160] pthread_create: Resource temporarily unavailable (11)
Created TensorFlow Lite XNNPACK delegate for CPU.
Attempting to use a delegate that only supports static-sized tensors with a graph that has dynamic-sized tensors (tensor#58 is a dynamic-sized tensor).
[1114804:1114854:0811/000629.787452:ERROR:google_apis/gcm/engine/registration_request.cc:291] Registration response error message: DEPRECATED_ENDPOINT
