[2026-08-14T14:49:22.406Z] START fresh Chrome session against fresh candidate Studio http://127.0.0.1:49202
[2026-08-14T14:49:22.418Z] NAVIGATE public legacy unscoped Project A Play URL
[2026-08-14T14:49:22.848Z] OBSERVE Project A rendered through the legacy Play route
[2026-08-14T14:49:23.112Z] CAPTURE 00-legacy-project-a-play-before-route-scope-check.png, 00-legacy-project-a-play-before-route-scope-check-visible-text.txt, and 00-legacy-project-a-play-before-route-scope-check-url.txt
[2026-08-14T14:49:23.115Z] OBSERVE legacy A history entry replaced by a project-scoped A Play route
[2026-08-14T14:49:23.132Z] OBSERVE pointer target for input "Seed (optional)": {"tag":"INPUT","text":""}
[2026-08-14T14:49:23.161Z] CLICK input "Seed (optional)" at rendered coordinates (436, 346)
[2026-08-14T14:49:23.813Z] INPUT "Seed (optional)"="p6-a-visible-session" through browser keyboard
[2026-08-14T14:49:24.131Z] OBSERVE pointer target for Project A New session: {"tag":"SPAN","text":"New session"}
[2026-08-14T14:49:24.188Z] CLICK Project A New session at rendered coordinates (337, 394)
[2026-08-14T14:49:24.690Z] OBSERVE Project A session-only Spin action
[2026-08-14T14:49:24.697Z] OBSERVE pointer target for Project A Spin: {"tag":"SPAN","text":"Spin"}
[2026-08-14T14:49:24.729Z] CLICK Project A Spin at rendered coordinates (310, 235)
[2026-08-14T14:49:25.236Z] OBSERVE Project A played-round state
[2026-08-14T14:49:25.602Z] CAPTURE 01-project-a-legacy-entry-upgraded-and-played.png, 01-project-a-legacy-entry-upgraded-and-played-visible-text.txt, and 01-project-a-legacy-entry-upgraded-and-played-url.txt
[2026-08-14T14:49:25.607Z] OBSERVE pointer target for Studio Home breadcrumb from Project A: {"tag":"BUTTON","text":"POKIE Studio"}
[2026-08-14T14:49:25.615Z] CLICK Studio Home breadcrumb from Project A at rendered coordinates (62, 29)
[2026-08-14T14:49:26.121Z] OBSERVE Home after closing Project A
[2026-08-14T14:49:26.135Z] OBSERVE pointer target for Home Projects navigation: {"tag":"DIV","text":"Projects"}
[2026-08-14T14:49:26.168Z] CLICK Home Projects navigation at rendered coordinates (130, 137)
[2026-08-14T14:49:26.674Z] OBSERVE rendered Project B import form
[2026-08-14T14:49:26.684Z] KEYBOARD End scrolls to visible Project B import controls
[2026-08-14T14:49:27.003Z] OBSERVE pointer target for input "Location": {"tag":"INPUT","text":""}
[2026-08-14T14:49:27.059Z] CLICK input "Location" at rendered coordinates (403, 721)
[2026-08-14T14:49:27.727Z] INPUT "Location"="/home/stager/Work/sta-ger/agents/worktrees/pokie-phase-6-final-polishing/task_P6-02-20260813112647/docs/evidence/p6-02-browser-runtime-isolation/fixtures/project-b" through browser keyboard
[2026-08-14T14:49:28.044Z] OBSERVE pointer target for Project B Detect: {"tag":"SPAN","text":"Detect"}
[2026-08-14T14:49:28.105Z] CLICK Project B Detect at rendered coordinates (1319, 742)
[2026-08-14T14:49:28.612Z] OBSERVE Project B detected through rendered UI
[2026-08-14T14:49:28.627Z] OBSERVE pointer target for Project B Register: {"tag":"SPAN","text":"Register"}
[2026-08-14T14:49:28.684Z] CLICK Project B Register at rendered coordinates (346, 935)
[2026-08-14T14:49:29.189Z] OBSERVE Project B visible Open action
[2026-08-14T14:49:29.197Z] KEYBOARD End scrolls to rendered Project B Open action
[2026-08-14T14:49:29.515Z] OBSERVE pointer target for Project B Open: {"tag":"SPAN","text":"Open"}
[2026-08-14T14:49:29.576Z] CLICK Project B Open at rendered coordinates (1293, 291)
[2026-08-14T14:49:30.081Z] OBSERVE Project B dashboard
[2026-08-14T14:49:30.095Z] OBSERVE pointer target for Project B Play navigation: {"tag":"DIV","text":"Play"}
[2026-08-14T14:49:30.133Z] CLICK Project B Play navigation at rendered coordinates (130, 178)
[2026-08-14T14:49:30.639Z] OBSERVE fresh Project B Play state without Project A round
[2026-08-14T14:49:30.922Z] CAPTURE 02-project-b-fresh-play.png, 02-project-b-fresh-play-visible-text.txt, and 02-project-b-fresh-play-url.txt
[2026-08-14T14:49:30.933Z] OBSERVE pointer target for input "Seed (optional)": {"tag":"INPUT","text":""}
[2026-08-14T14:49:30.962Z] CLICK input "Seed (optional)" at rendered coordinates (436, 346)
[2026-08-14T14:49:31.606Z] INPUT "Seed (optional)"="p6-b-visible-session" through browser keyboard
[2026-08-14T14:49:31.922Z] OBSERVE pointer target for Project B New session: {"tag":"SPAN","text":"New session"}
[2026-08-14T14:49:31.972Z] CLICK Project B New session at rendered coordinates (337, 394)
[2026-08-14T14:49:32.478Z] OBSERVE Project B session-only Spin action
[2026-08-14T14:49:32.760Z] CAPTURE 03-project-b-session.png, 03-project-b-session-visible-text.txt, and 03-project-b-session-url.txt
[2026-08-14T14:49:32.784Z] KEYBOARD Alt+Left browser Back: step 1 toward Project A
[2026-08-14T14:49:33.442Z] OBSERVE Back step 1: {"url":"http://127.0.0.1:49202/#/project/%2Fhome%2Fstager%2FWork%2Fsta-ger%2Fagents%2Fworktrees%2Fpokie-phase-6-final-polishing%2Ftask_P6-02-20260813112647%2Fdocs%2Fevidence%2Fp6-02-browser-runtime-isolation%2Ffixtures%2Fproject-b/overview","hasA":true,"hasB":true,"hasRound":false}
[2026-08-14T14:49:33.612Z] KEYBOARD Alt+Left browser Back: step 2 toward Project A
[2026-08-14T14:49:34.266Z] OBSERVE Back step 2: {"url":"http://127.0.0.1:49202/#/home/projects","hasA":true,"hasB":true,"hasRound":false}
[2026-08-14T14:49:34.281Z] KEYBOARD Alt+Left browser Back: step 3 toward Project A
[2026-08-14T14:49:34.938Z] OBSERVE Back step 3: {"url":"http://127.0.0.1:49202/#/home/design","hasA":false,"hasB":false,"hasRound":false}
[2026-08-14T14:49:35.027Z] KEYBOARD Alt+Left browser Back: step 4 toward Project A
[2026-08-14T14:49:35.684Z] OBSERVE Back step 4: {"url":"http://127.0.0.1:49202/#/project/%2Fhome%2Fstager%2FWork%2Fsta-ger%2Fagents%2Fworktrees%2Fpokie-phase-6-final-polishing%2Ftask_P6-02-20260813112647%2Fdocs%2Fevidence%2Fp6-02-browser-runtime-isolation%2Ffixtures%2Fproject-a/play","hasA":true,"hasB":false,"hasRound":false}
[2026-08-14T14:49:35.986Z] CAPTURE 04-browser-back-restores-project-a-scoped.png, 04-browser-back-restores-project-a-scoped-visible-text.txt, and 04-browser-back-restores-project-a-scoped-url.txt
[2026-08-14T14:49:35.988Z] OBSERVE browser Back restores the project-scoped A Play route
[2026-08-14T14:49:35.990Z] OBSERVE Project A identity with no Project B state rendered or actionable
[2026-08-14T14:49:36.116Z] KEYBOARD Alt+Right browser Forward: step 1 toward Project B
[2026-08-14T14:49:36.790Z] OBSERVE Forward step 1: {"url":"http://127.0.0.1:49202/#/home/design","hasA":false,"hasB":false,"hasRound":false}
[2026-08-14T14:49:36.833Z] KEYBOARD Alt+Right browser Forward: step 2 toward Project B
[2026-08-14T14:49:37.489Z] OBSERVE Forward step 2: {"url":"http://127.0.0.1:49202/#/home/design","hasA":false,"hasB":false,"hasRound":false}
[2026-08-14T14:49:37.565Z] KEYBOARD Alt+Right browser Forward: step 3 toward Project B
[2026-08-14T14:49:38.221Z] OBSERVE Forward step 3: {"url":"http://127.0.0.1:49202/#/home/design","hasA":false,"hasB":false,"hasRound":false}
[2026-08-14T14:49:38.295Z] KEYBOARD Alt+Right browser Forward: step 4 toward Project B
[2026-08-14T14:49:38.951Z] OBSERVE Forward step 4: {"url":"http://127.0.0.1:49202/#/home/design","hasA":false,"hasB":false,"hasRound":false}
[2026-08-14T14:49:39.027Z] KEYBOARD Alt+Right browser Forward: step 5 toward Project B
[2026-08-14T14:49:39.684Z] OBSERVE Forward step 5: {"url":"http://127.0.0.1:49202/#/home/design","hasA":false,"hasB":false,"hasRound":false}
[2026-08-14T14:49:39.759Z] KEYBOARD Alt+Right browser Forward: step 6 toward Project B
[2026-08-14T14:49:40.415Z] OBSERVE Forward step 6: {"url":"http://127.0.0.1:49202/#/home/design","hasA":false,"hasB":false,"hasRound":false}
[2026-08-14T14:49:40.489Z] KEYBOARD Alt+Right browser Forward: step 7 toward Project B
[2026-08-14T14:49:41.145Z] OBSERVE Forward step 7: {"url":"http://127.0.0.1:49202/#/home/design","hasA":false,"hasB":false,"hasRound":false}
[2026-08-14T14:49:41.219Z] KEYBOARD Alt+Right browser Forward: step 8 toward Project B
[2026-08-14T14:49:41.872Z] OBSERVE Forward step 8: {"url":"http://127.0.0.1:49202/#/home/design","hasA":false,"hasB":false,"hasRound":false}
[2026-08-14T14:49:42.196Z] CAPTURE 05-browser-forward-restores-project-b-scoped.png, 05-browser-forward-restores-project-b-scoped-visible-text.txt, and 05-browser-forward-restores-project-b-scoped-url.txt
[2026-08-14T14:49:47.324Z] FAILED Error: Timed out waiting for browser Forward restores the project-scoped B Play route
    at wait (file:///home/stager/Work/sta-ger/agents/worktrees/pokie-phase-6-final-polishing/task_P6-02-20260813112647/docs/evidence/p6-02-browser-runtime-isolation/host-browser-rerun.mjs:66:46)
    at async main (file:///home/stager/Work/sta-ger/agents/worktrees/pokie-phase-6-final-polishing/task_P6-02-20260813112647/docs/evidence/p6-02-browser-runtime-isolation/host-browser-rerun.mjs:193:5)
