[2026-08-13T13:16:57.609Z] START fresh Chrome session against candidate Studio http://127.0.0.1:41241
[2026-08-13T13:16:57.623Z] NAVIGATE public initial Project A Play URL
[2026-08-13T13:16:58.135Z] OBSERVE Project A dashboard
[2026-08-13T13:16:58.139Z] OBSERVE Project A Play setup
[2026-08-13T13:16:58.139Z] OBSERVE Project A ordinary-game Play setup (no outcome-library mode picker)
[2026-08-13T13:16:58.155Z] OBSERVE pointer target for input "Seed (optional)": {"tag":"INPUT","text":""}
[2026-08-13T13:16:58.253Z] CLICK input "Seed (optional)" at rendered coordinates (436, 375)
[2026-08-13T13:16:58.837Z] INPUT "Seed (optional)"="p6-a-visible-session" through browser keyboard
[2026-08-13T13:16:59.153Z] OBSERVE pointer target for Project A New session: {"tag":"SPAN","text":"New session"}
[2026-08-13T13:16:59.260Z] CLICK Project A New session at rendered coordinates (337, 423)
[2026-08-13T13:16:59.716Z] OBSERVE Project A visible Spin action
[2026-08-13T13:16:59.730Z] OBSERVE pointer target for Project A Spin: {"tag":"SPAN","text":"Spin"}
[2026-08-13T13:16:59.851Z] CLICK Project A Spin at rendered coordinates (310, 243)
[2026-08-13T13:17:00.307Z] OBSERVE Project A visible session and played-round state
[2026-08-13T13:17:00.513Z] CAPTURE 05-project-a-play-state.png, 05-project-a-play-state-visible-text.txt, and 05-project-a-play-state-url.txt
[2026-08-13T13:17:00.517Z] OBSERVE pointer target for Studio Home breadcrumb from Project A: {"tag":"BUTTON","text":"POKIE Studio"}
[2026-08-13T13:17:00.602Z] CLICK Studio Home breadcrumb from Project A at rendered coordinates (62, 29)
[2026-08-13T13:17:01.059Z] OBSERVE Home after closing Project A
[2026-08-13T13:17:01.073Z] OBSERVE pointer target for Home Projects navigation: {"tag":"DIV","text":"Projects"}
[2026-08-13T13:17:01.167Z] CLICK Home Projects navigation at rendered coordinates (130, 137)
[2026-08-13T13:17:01.621Z] OBSERVE Projects UI for Project B
[2026-08-13T13:17:01.634Z] KEYBOARD End scrolls to the visible Project B Import controls
[2026-08-13T13:17:02.001Z] OBSERVE pointer target for input "Location": {"tag":"INPUT","text":""}
[2026-08-13T13:17:02.102Z] CLICK input "Location" at rendered coordinates (403, 228)
[2026-08-13T13:17:02.718Z] INPUT "Location"="/home/stager/Work/sta-ger/agents/worktrees/pokie-phase-6-final-polishing/task_P6-02-20260813112647/docs/evidence/p6-02-browser-runtime-isolation/fixtures/project-b" through browser keyboard
[2026-08-13T13:17:03.033Z] OBSERVE pointer target for Project B Detect: {"tag":"SPAN","text":"Detect"}
[2026-08-13T13:17:03.144Z] CLICK Project B Detect at rendered coordinates (339, 330)
[2026-08-13T13:17:03.600Z] OBSERVE Project B package detection
[2026-08-13T13:17:03.631Z] SCROLL browser viewport by 343px to reach Project B Register
[2026-08-13T13:17:03.988Z] OBSERVE pointer target for Project B Register: {"tag":"SPAN","text":"Register"}
[2026-08-13T13:17:04.098Z] CLICK Project B Register at rendered coordinates (346, 221)
[2026-08-13T13:17:04.556Z] OBSERVE Project B visible Open action
[2026-08-13T13:17:04.573Z] SCROLL browser viewport by -767px to reach Project B Open
[2026-08-13T13:17:04.935Z] OBSERVE pointer target for Project B Open: null
[2026-08-13T13:17:05.005Z] CLICK Project B Open at rendered coordinates (865, 221)
[2026-08-13T13:17:35.489Z] FAILED Error: Timed out waiting for Project B dashboard
    at wait (file:///home/stager/Work/sta-ger/agents/worktrees/pokie-phase-6-final-polishing/task_P6-02-20260813112647/docs/evidence/p6-02-browser-runtime-isolation/attempt-17/browser-ui-current-candidate-rerun.mjs:70:46)
    at async main (file:///home/stager/Work/sta-ger/agents/worktrees/pokie-phase-6-final-polishing/task_P6-02-20260813112647/docs/evidence/p6-02-browser-runtime-isolation/attempt-17/browser-ui-current-candidate-rerun.mjs:199:5)
