[2026-08-14T16:31:03.195Z] START fresh Chrome session against fresh candidate Studio http://127.0.0.1:49620
[2026-08-14T16:31:03.201Z] NAVIGATE public Studio Design Game route
[2026-08-14T16:31:03.367Z] OBSERVE rendered guided Design Game
[2026-08-14T16:31:03.378Z] OBSERVE pointer target for New Blueprint: {"tag":"SPAN","text":"New Blueprint"}
[2026-08-14T16:31:03.497Z] CLICK New Blueprint at rendered coordinates (342, 325)
[2026-08-14T16:31:04.007Z] OBSERVE rendered New blueprint dialog
[2026-08-14T16:31:04.026Z] OBSERVE pointer target for Generate random: {"tag":"SPAN","text":"Generate random"}
[2026-08-14T16:31:04.085Z] CLICK Generate random at rendered coordinates (678, 177)
[2026-08-14T16:31:04.601Z] OBSERVE pointer target for Generate random blueprint: {"tag":"SPAN","text":"Generate"}
[2026-08-14T16:31:04.647Z] CLICK Generate random blueprint at rendered coordinates (777, 222)
[2026-08-14T16:31:05.154Z] OBSERVE rendered valid generated blueprint
[2026-08-14T16:31:05.171Z] OBSERVE pointer target for Use this blueprint: {"tag":"SPAN","text":"Use this blueprint"}
[2026-08-14T16:31:05.419Z] CLICK Use this blueprint at rendered coordinates (756, 408)
[2026-08-14T16:31:06.159Z] OBSERVE guided validation settles after random generation
[2026-08-14T16:31:06.163Z] OBSERVE enabled managed Save action
[2026-08-14T16:31:06.181Z] OBSERVE pointer target for managed Save: {"tag":"SPAN","text":"Save"}
[2026-08-14T16:31:06.270Z] CLICK managed Save at rendered coordinates (311, 244)
[2026-08-14T16:31:06.777Z] OBSERVE rendered managed save success
[2026-08-14T16:31:06.785Z] OBSERVE managed project path from rendered success: /home/stager/Work/sta-ger/agents/worktrees/pokie-phase-6-final-polishing/task_P6-02-20260813112647/docs/evidence/p6-02-registry-lifecycle/managed-documents/POKIE Projects/opulent-radiant-prophecy/blueprint.json
[2026-08-14T16:31:07.185Z] CAPTURE 04-managed-save-success.png, 04-managed-save-success-visible-text.txt, and 04-managed-save-success-url.txt
[2026-08-14T16:31:07.193Z] OBSERVE pointer target for Projects navigation: {"tag":"DIV","text":"Projects"}
[2026-08-14T16:31:07.207Z] CLICK Projects navigation at rendered coordinates (130, 137)
[2026-08-14T16:31:07.714Z] OBSERVE rendered Projects registry
[2026-08-14T16:31:19.902Z] FAILED Error: Timed out waiting for one managed auto-registered project row
    at wait (file:///home/stager/Work/sta-ger/agents/worktrees/pokie-phase-6-final-polishing/task_P6-02-20260813112647/docs/evidence/p6-02-registry-lifecycle/browser-create-import.mjs:66:46)
    at async main (file:///home/stager/Work/sta-ger/agents/worktrees/pokie-phase-6-final-polishing/task_P6-02-20260813112647/docs/evidence/p6-02-registry-lifecycle/browser-create-import.mjs:152:5)
