
> pokie@1.3.0 prebuild
> npm run lint


> pokie@1.3.0 lint
> eslint . --ext .ts,.tsx


> pokie@1.3.0 build
> npm run generate-barrels && shx rm -rf ./dist && npm run build-esm && npm run build-cjs && npm run build-cli


> pokie@1.3.0 generate-barrels
> node generate-barrels.js


> pokie@1.3.0 build-esm
> npm run generate-barrels && tsc --project tsconfig.prod.json && shx cp src/simulation/parallel/internal/resolveDefaultWorkerEntryUrl.mjs dist/esm/simulation/parallel/internal/resolveDefaultWorkerEntryUrl.mjs


> pokie@1.3.0 generate-barrels
> node generate-barrels.js


> pokie@1.3.0 build-cjs
> npm run generate-barrels && tsc --project tsconfig.prod.json --module CommonJS --outDir dist/cjs && node write-cjs-package-json.js && shx cp src/simulation/parallel/internal/resolveDefaultWorkerEntryUrl.mjs dist/cjs/simulation/parallel/internal/resolveDefaultWorkerEntryUrl.mjs


> pokie@1.3.0 generate-barrels
> node generate-barrels.js


> pokie@1.3.0 build-cli
> tsc --project tsconfig.cli.json && npm run build-client && npm run build-studio-client && shx chmod +x dist/cli/pokie.js


> pokie@1.3.0 build-client
> tsc --project tsconfig.client.json && shx cp cli/client/index.html cli/client/style.css dist/cli/client/


> pokie@1.3.0 build-studio-client
> npm run typecheck-studio-client && vite build --config cli/studio-client/vite.config.ts


> pokie@1.3.0 typecheck-studio-client
> tsc --project cli/studio-client/tsconfig.json --noEmit

vite v8.1.5 building client environment for production...
[2Ktransforming...✓ 7165 modules transformed.
rendering chunks...
computing gzip size...
dist/cli/studio-client/index.html                   0.36 kB │ gzip:   0.26 kB
dist/cli/studio-client/assets/index-BYljzUTd.css  223.98 kB │ gzip:  33.07 kB
dist/cli/studio-client/assets/index-BifWy3_o.js   939.37 kB │ gzip: 273.94 kB

✓ built in 2.51s
[plugin builtin:vite-reporter] 
(!) Some chunks are larger than 500 kB after minification. Consider:
- Using dynamic import() to code-split the application
- Use build.rolldownOptions.output.codeSplitting to improve chunking: https://rolldown.rs/reference/OutputOptions.codeSplitting
- Adjust chunk size limit for this warning via build.chunkSizeWarningLimit.
