mkdir: cannot create directory ‘/.local’: Permission denied
touch: cannot touch '/.local/share/applications/mimeapps.list': No such file or directory
[2653695:2653723:0817/035326.196552:ERROR:dbus/bus.cc:408] Failed to connect to the bus: Could not parse server address: Unknown address type (examples of valid types are "tcp" and on UNIX "unix")
[2653695:2653723:0817/035326.196685:ERROR:dbus/bus.cc:408] Failed to connect to the bus: Could not parse server address: Unknown address type (examples of valid types are "tcp" and on UNIX "unix")
[2653695:2653723:0817/035326.196717:ERROR:dbus/bus.cc:408] Failed to connect to the bus: Could not parse server address: Unknown address type (examples of valid types are "tcp" and on UNIX "unix")
[2653695:2653723:0817/035326.196742:ERROR:dbus/bus.cc:408] Failed to connect to the bus: Could not parse server address: Unknown address type (examples of valid types are "tcp" and on UNIX "unix")
[2653695:2653723:0817/035326.219003:ERROR:dbus/bus.cc:408] Failed to connect to the bus: Could not parse server address: Unknown address type (examples of valid types are "tcp" and on UNIX "unix")
[2653695:2653723:0817/035326.235712:ERROR:dbus/bus.cc:408] Failed to connect to the bus: Could not parse server address: Unknown address type (examples of valid types are "tcp" and on UNIX "unix")

DevTools listening on ws://127.0.0.1:9228/devtools/browser/852380a3-7d35-44a0-87c3-6443386b637b
[2653695:2653695:0817/035326.343229:ERROR:dbus/object_proxy.cc:590] Failed to call method: org.freedesktop.DBus.NameHasOwner: object_path= /org/freedesktop/DBus: unknown error type: 
[2653695:2653695:0817/035326.345408:ERROR:dbus/object_proxy.cc:590] Failed to call method: org.freedesktop.DBus.NameHasOwner: object_path= /org/freedesktop/DBus: unknown error type: 
[2653695:2653723:0817/035326.345899:ERROR:dbus/bus.cc:408] Failed to connect to the bus: Could not parse server address: Unknown address type (examples of valid types are "tcp" and on UNIX "unix")
[2653695:2653723:0817/035326.346043:ERROR:dbus/bus.cc:408] Failed to connect to the bus: Could not parse server address: Unknown address type (examples of valid types are "tcp" and on UNIX "unix")
[2653695:2653695:0817/035326.346290:ERROR:dbus/object_proxy.cc:590] Failed to call method: org.freedesktop.DBus.NameHasOwner: object_path= /org/freedesktop/DBus: unknown error type: 
[2653695:2653695:0817/035326.382888:ERROR:dbus/object_proxy.cc:590] Failed to call method: org.freedesktop.DBus.NameHasOwner: object_path= /org/freedesktop/DBus: unknown error type: 
[2653695:2653695:0817/035326.383375:ERROR:dbus/object_proxy.cc:590] Failed to call method: org.freedesktop.DBus.NameHasOwner: object_path= /org/freedesktop/DBus: unknown error type: 
MESA-INTEL: warning: Ivy Bridge Vulkan support is incomplete
libva error: /usr/lib/x86_64-linux-gnu/dri/iHD_drv_video.so init failed
[2653767:7:0817/035328.453453:ERROR:gpu/ipc/client/command_buffer_proxy_impl.cc:327] GPU state invalid after WaitForGetOffsetInRange.
WARNING: All log messages before absl::InitializeLog() is called are written to STDERR
I0000 00:00:1786931609.078302 2653720 voice_transcription.cc:58] Registering VoiceTranscriptionCapability
[2653695:2653724:0817/035343.448264:ERROR:google_apis/gcm/engine/registration_request.cc:291] Registration response error message: DEPRECATED_ENDPOINT
[2653695:2653724:0817/035415.710019:ERROR:google_apis/gcm/engine/registration_request.cc:291] Registration response error message: DEPRECATED_ENDPOINT
[2653695:2653724:0817/035516.559981:ERROR:google_apis/gcm/engine/registration_request.cc:291] Registration response error message: DEPRECATED_ENDPOINT
Created TensorFlow Lite XNNPACK delegate for CPU.
Attempting to use a delegate that only supports static-sized tensors with a graph that has dynamic-sized tensors (tensor#58 is a dynamic-sized tensor).
WARNING: All log messages before absl::InitializeLog() is called are written to STDERR
I0000 00:00:1786931786.248004 2655904 voice_transcription.cc:58] Registering VoiceTranscriptionCapability
MESA-INTEL: warning: Ivy Bridge Vulkan support is incomplete
error: XDG_RUNTIME_DIR is invalid or not set in the environment.
error: XDG_RUNTIME_DIR is invalid or not set in the environment.
[2653695:2653695:0817/035626.285002:ERROR:services/on_device_model/public/cpp/service_client.cc:36] Unexpected on_device_model service disconnect: The device's GPU is not supported.
[2653739:2653763:0817/035629.430586:ERROR:net/socket/ssl_client_socket_impl.cc:896] handshake failed; returned -1, SSL error code 1, net_error -101
[2653739:2653763:0817/035629.477065:ERROR:net/socket/ssl_client_socket_impl.cc:896] handshake failed; returned -1, SSL error code 1, net_error -101
[2653739:2653763:0817/035629.512558:ERROR:net/socket/ssl_client_socket_impl.cc:896] handshake failed; returned -1, SSL error code 1, net_error -101
[2653739:2653763:0817/035629.522914:ERROR:net/socket/ssl_client_socket_impl.cc:896] handshake failed; returned -1, SSL error code 1, net_error -101
[2653739:2653763:0817/035639.490267:ERROR:net/socket/ssl_client_socket_impl.cc:896] handshake failed; returned -1, SSL error code 1, net_error -101
[2653739:2653763:0817/035647.762639:ERROR:net/socket/ssl_client_socket_impl.cc:896] handshake failed; returned -1, SSL error code 1, net_error -100
[2653739:2653763:0817/035659.818406:ERROR:net/socket/ssl_client_socket_impl.cc:896] handshake failed; returned -1, SSL error code 1, net_error -100
[2653739:2653763:0817/035659.821274:ERROR:net/socket/ssl_client_socket_impl.cc:896] handshake failed; returned -1, SSL error code 1, net_error -100
[2653739:2653763:0817/035712.222408:ERROR:net/socket/ssl_client_socket_impl.cc:896] handshake failed; returned -1, SSL error code 1, net_error -100
[2653739:2653763:0817/035723.307761:ERROR:net/socket/ssl_client_socket_impl.cc:896] handshake failed; returned -1, SSL error code 1, net_error -100
[2653739:2653763:0817/035724.704494:ERROR:net/socket/ssl_client_socket_impl.cc:896] handshake failed; returned -1, SSL error code 1, net_error -100
[2653739:2653763:0817/035732.549181:ERROR:net/socket/ssl_client_socket_impl.cc:896] handshake failed; returned -1, SSL error code 1, net_error -100
[2653739:2653763:0817/035733.450129:ERROR:net/socket/ssl_client_socket_impl.cc:896] handshake failed; returned -1, SSL error code 1, net_error -100
[2653695:2653724:0817/035735.658634:ERROR:google_apis/gcm/engine/registration_request.cc:291] Registration response error message: DEPRECATED_ENDPOINT
[2653695:2653724:0817/040034.422893:ERROR:google_apis/gcm/engine/registration_request.cc:291] Registration response error message: DEPRECATED_ENDPOINT
