{
    "sessionId": "adbc2664-1c4c-4c52-9f66-f10c5865e6bd",
    "game": {
        "id": "fixture-slot",
        "name": "Fixture Slot",
        "version": "0.1.0"
    },
    "seed": "fixture-round",
    "round": 1,
    "totalBet": 1,
    "totalWin": 5,
    "screen": [
        [
            "A",
            "C",
            "A"
        ],
        [
            "A",
            "A",
            "C"
        ],
        [
            "A",
            "A",
            "A"
        ]
    ],
    "timestamp": 1786932127336,
    "durationMs": 4
}
