mkdir: cannot create directory ‘/.local’: Permission denied
touch: cannot touch '/.local/share/applications/mimeapps.list': No such file or directory
[2992174:2992207:0813/130759.026565:ERROR:dbus/bus.cc:408] Failed to connect to the bus: Could not parse server address: Unknown address type (examples of valid types are "tcp" and on UNIX "unix")
[2992174:2992207:0813/130759.026797:ERROR:dbus/bus.cc:408] Failed to connect to the bus: Could not parse server address: Unknown address type (examples of valid types are "tcp" and on UNIX "unix")
[2992174:2992207:0813/130759.026834:ERROR:dbus/bus.cc:408] Failed to connect to the bus: Could not parse server address: Unknown address type (examples of valid types are "tcp" and on UNIX "unix")
[2992174:2992207:0813/130759.026856:ERROR:dbus/bus.cc:408] Failed to connect to the bus: Could not parse server address: Unknown address type (examples of valid types are "tcp" and on UNIX "unix")
[2992174:2992207:0813/130759.046212:ERROR:dbus/bus.cc:408] Failed to connect to the bus: Could not parse server address: Unknown address type (examples of valid types are "tcp" and on UNIX "unix")
[2992174:2992207:0813/130759.094625:ERROR:dbus/bus.cc:408] Failed to connect to the bus: Could not parse server address: Unknown address type (examples of valid types are "tcp" and on UNIX "unix")

DevTools listening on ws://127.0.0.1:9236/devtools/browser/f50b3e2d-d811-4eed-9ce7-d12288c8e430
[2992174:2992174:0813/130759.300847:ERROR:dbus/object_proxy.cc:590] Failed to call method: org.freedesktop.DBus.NameHasOwner: object_path= /org/freedesktop/DBus: unknown error type: 
[2992174:2992174:0813/130759.302608:ERROR:dbus/object_proxy.cc:590] Failed to call method: org.freedesktop.DBus.NameHasOwner: object_path= /org/freedesktop/DBus: unknown error type: 
[2992174:2992207:0813/130759.302736:ERROR:dbus/bus.cc:408] Failed to connect to the bus: Could not parse server address: Unknown address type (examples of valid types are "tcp" and on UNIX "unix")
[2992174:2992207:0813/130759.303857:ERROR:dbus/bus.cc:408] Failed to connect to the bus: Could not parse server address: Unknown address type (examples of valid types are "tcp" and on UNIX "unix")
[2992174:2992174:0813/130759.305967:ERROR:dbus/object_proxy.cc:590] Failed to call method: org.freedesktop.DBus.NameHasOwner: object_path= /org/freedesktop/DBus: unknown error type: 
[2992174:2992174:0813/130759.333836:ERROR:dbus/object_proxy.cc:590] Failed to call method: org.freedesktop.DBus.NameHasOwner: object_path= /org/freedesktop/DBus: unknown error type: 
[2992174:2992174:0813/130759.334063:ERROR:dbus/object_proxy.cc:590] Failed to call method: org.freedesktop.DBus.NameHasOwner: object_path= /org/freedesktop/DBus: unknown error type: 
WARNING: All log messages before absl::InitializeLog() is called are written to STDERR
I0000 00:00:1786619282.840228 2992203 voice_transcription.cc:58] Registering VoiceTranscriptionCapability
[2992174:2992208:0813/130806.389695:ERROR:google_apis/gcm/engine/registration_request.cc:291] Registration response error message: PHONE_REGISTRATION_ERROR
[2992174:2992208:0813/130806.415764:ERROR:google_apis/gcm/engine/registration_request.cc:291] Registration response error message: PHONE_REGISTRATION_ERROR
[2992525:1:0813/130813.992334:ERROR:base/threading/platform_thread_posix.cc:160] pthread_create: Resource temporarily unavailable (11)
[2992533:4:0813/130814.018136:ERROR:base/threading/platform_thread_posix.cc:160] pthread_create: Resource temporarily unavailable (11)
[2992533:4:0813/130814.020646:ERROR:base/threading/platform_thread_posix.cc:160] pthread_create: Resource temporarily unavailable (11)
[2992553:1:0813/130814.152353:ERROR:base/threading/platform_thread_posix.cc:160] pthread_create: Resource temporarily unavailable (11)
[2992553:1:0813/130814.153048:ERROR:base/threading/platform_thread_posix.cc:160] pthread_create: Resource temporarily unavailable (11)
[2992174:2992208:0813/130830.181952:ERROR:google_apis/gcm/engine/registration_request.cc:291] Registration response error message: DEPRECATED_ENDPOINT
Created TensorFlow Lite XNNPACK delegate for CPU.
Attempting to use a delegate that only supports static-sized tensors with a graph that has dynamic-sized tensors (tensor#58 is a dynamic-sized tensor).
