mkdir: cannot create directory ‘/.local’: Permission denied
touch: cannot touch '/.local/share/applications/mimeapps.list': No such file or directory
[1514556:1514582:0815/211514.210845:ERROR:dbus/bus.cc:408] Failed to connect to the bus: Could not parse server address: Unknown address type (examples of valid types are "tcp" and on UNIX "unix")
[1514556:1514582:0815/211514.211137:ERROR:dbus/bus.cc:408] Failed to connect to the bus: Could not parse server address: Unknown address type (examples of valid types are "tcp" and on UNIX "unix")
[1514556:1514582:0815/211514.211202:ERROR:dbus/bus.cc:408] Failed to connect to the bus: Could not parse server address: Unknown address type (examples of valid types are "tcp" and on UNIX "unix")
[1514556:1514582:0815/211514.211230:ERROR:dbus/bus.cc:408] Failed to connect to the bus: Could not parse server address: Unknown address type (examples of valid types are "tcp" and on UNIX "unix")
[1514556:1514582:0815/211514.236521:ERROR:dbus/bus.cc:408] Failed to connect to the bus: Could not parse server address: Unknown address type (examples of valid types are "tcp" and on UNIX "unix")
[1514556:1514582:0815/211514.268314:ERROR:dbus/bus.cc:408] Failed to connect to the bus: Could not parse server address: Unknown address type (examples of valid types are "tcp" and on UNIX "unix")
MESA-INTEL: warning: Ivy Bridge Vulkan support is incomplete

DevTools listening on ws://127.0.0.1:9224/devtools/browser/dca4188e-49bc-440c-bb5a-3608c79b3af1
libva error: /usr/lib/x86_64-linux-gnu/dri/iHD_drv_video.so init failed
[1514556:1514556:0815/211514.407912:ERROR:dbus/object_proxy.cc:590] Failed to call method: org.freedesktop.DBus.NameHasOwner: object_path= /org/freedesktop/DBus: unknown error type: 
[1514556:1514556:0815/211514.409836:ERROR:dbus/object_proxy.cc:590] Failed to call method: org.freedesktop.DBus.NameHasOwner: object_path= /org/freedesktop/DBus: unknown error type: 
[1514556:1514582:0815/211514.409968:ERROR:dbus/bus.cc:408] Failed to connect to the bus: Could not parse server address: Unknown address type (examples of valid types are "tcp" and on UNIX "unix")
[1514556:1514582:0815/211514.410007:ERROR:dbus/bus.cc:408] Failed to connect to the bus: Could not parse server address: Unknown address type (examples of valid types are "tcp" and on UNIX "unix")
[1514556:1514556:0815/211514.410114:ERROR:dbus/object_proxy.cc:590] Failed to call method: org.freedesktop.DBus.NameHasOwner: object_path= /org/freedesktop/DBus: unknown error type: 
[1514556:1514556:0815/211514.438458:ERROR:dbus/object_proxy.cc:590] Failed to call method: org.freedesktop.DBus.NameHasOwner: object_path= /org/freedesktop/DBus: unknown error type: 
[1514556:1514556:0815/211514.438792:ERROR:dbus/object_proxy.cc:590] Failed to call method: org.freedesktop.DBus.NameHasOwner: object_path= /org/freedesktop/DBus: unknown error type: 
WARNING: All log messages before absl::InitializeLog() is called are written to STDERR
I0000 00:00:1786821318.132390 1514579 voice_transcription.cc:58] Registering VoiceTranscriptionCapability
[1514556:1514583:0815/211519.031642:ERROR:google_apis/gcm/engine/registration_request.cc:291] Registration response error message: DEPRECATED_ENDPOINT
