mkdir: cannot create directory ‘/.local’: Permission denied
touch: cannot touch '/.local/share/applications/mimeapps.list': No such file or directory
[1425106:1425129:0815/183117.020417:ERROR:dbus/bus.cc:408] Failed to connect to the bus: Could not parse server address: Unknown address type (examples of valid types are "tcp" and on UNIX "unix")
[1425106:1425129:0815/183117.021513:ERROR:dbus/bus.cc:408] Failed to connect to the bus: Could not parse server address: Unknown address type (examples of valid types are "tcp" and on UNIX "unix")
[1425106:1425129:0815/183117.021541:ERROR:dbus/bus.cc:408] Failed to connect to the bus: Could not parse server address: Unknown address type (examples of valid types are "tcp" and on UNIX "unix")
[1425106:1425129:0815/183117.021563:ERROR:dbus/bus.cc:408] Failed to connect to the bus: Could not parse server address: Unknown address type (examples of valid types are "tcp" and on UNIX "unix")
[1425106:1425129:0815/183117.091044:ERROR:dbus/bus.cc:408] Failed to connect to the bus: Could not parse server address: Unknown address type (examples of valid types are "tcp" and on UNIX "unix")
[1425106:1425129:0815/183117.139457:ERROR:dbus/bus.cc:408] Failed to connect to the bus: Could not parse server address: Unknown address type (examples of valid types are "tcp" and on UNIX "unix")
MESA-INTEL: warning: Ivy Bridge Vulkan support is incomplete

DevTools listening on ws://127.0.0.1:9224/devtools/browser/9215adbc-eba3-4134-8985-9373ec5c71e6
libva error: /usr/lib/x86_64-linux-gnu/dri/iHD_drv_video.so init failed
[1425106:1425106:0815/183117.470540:ERROR:dbus/object_proxy.cc:590] Failed to call method: org.freedesktop.DBus.NameHasOwner: object_path= /org/freedesktop/DBus: unknown error type: 
[1425106:1425106:0815/183117.474459:ERROR:dbus/object_proxy.cc:590] Failed to call method: org.freedesktop.DBus.NameHasOwner: object_path= /org/freedesktop/DBus: unknown error type: 
[1425106:1425129:0815/183117.474627:ERROR:dbus/bus.cc:408] Failed to connect to the bus: Could not parse server address: Unknown address type (examples of valid types are "tcp" and on UNIX "unix")
[1425106:1425129:0815/183117.474650:ERROR:dbus/bus.cc:408] Failed to connect to the bus: Could not parse server address: Unknown address type (examples of valid types are "tcp" and on UNIX "unix")
[1425106:1425106:0815/183117.474767:ERROR:dbus/object_proxy.cc:590] Failed to call method: org.freedesktop.DBus.NameHasOwner: object_path= /org/freedesktop/DBus: unknown error type: 
[1425106:1425106:0815/183117.530193:ERROR:dbus/object_proxy.cc:590] Failed to call method: org.freedesktop.DBus.NameHasOwner: object_path= /org/freedesktop/DBus: unknown error type: 
[1425106:1425106:0815/183117.531012:ERROR:dbus/object_proxy.cc:590] Failed to call method: org.freedesktop.DBus.NameHasOwner: object_path= /org/freedesktop/DBus: unknown error type: 
WARNING: All log messages before absl::InitializeLog() is called are written to STDERR
I0000 00:00:1786811481.794687 1425127 voice_transcription.cc:58] Registering VoiceTranscriptionCapability
[1425106:1425130:0815/183122.942835:ERROR:google_apis/gcm/engine/registration_request.cc:291] Registration response error message: PHONE_REGISTRATION_ERROR
[1425106:1425130:0815/183122.949207:ERROR:google_apis/gcm/engine/registration_request.cc:291] Registration response error message: PHONE_REGISTRATION_ERROR
Created TensorFlow Lite XNNPACK delegate for CPU.
Attempting to use a delegate that only supports static-sized tensors with a graph that has dynamic-sized tensors (tensor#-1 is a dynamic-sized tensor).
[1425106:1425130:0815/183151.691069:ERROR:google_apis/gcm/engine/registration_request.cc:291] Registration response error message: DEPRECATED_ENDPOINT
[1425106:1425130:0815/183237.920583:ERROR:google_apis/gcm/engine/registration_request.cc:291] Registration response error message: QUOTA_EXCEEDED
