mkdir: cannot create directory ‘/.local’: Permission denied
touch: cannot touch '/.local/share/applications/mimeapps.list': No such file or directory
[1426435:1426475:0815/183315.184121:ERROR:dbus/bus.cc:408] Failed to connect to the bus: Could not parse server address: Unknown address type (examples of valid types are "tcp" and on UNIX "unix")
[1426435:1426475:0815/183315.184599:ERROR:dbus/bus.cc:408] Failed to connect to the bus: Could not parse server address: Unknown address type (examples of valid types are "tcp" and on UNIX "unix")
[1426435:1426475:0815/183315.184634:ERROR:dbus/bus.cc:408] Failed to connect to the bus: Could not parse server address: Unknown address type (examples of valid types are "tcp" and on UNIX "unix")
[1426435:1426475:0815/183315.185082:ERROR:dbus/bus.cc:408] Failed to connect to the bus: Could not parse server address: Unknown address type (examples of valid types are "tcp" and on UNIX "unix")
[1426435:1426475:0815/183315.207173:ERROR:dbus/bus.cc:408] Failed to connect to the bus: Could not parse server address: Unknown address type (examples of valid types are "tcp" and on UNIX "unix")
[1426435:1426475:0815/183315.234594:ERROR:dbus/bus.cc:408] Failed to connect to the bus: Could not parse server address: Unknown address type (examples of valid types are "tcp" and on UNIX "unix")
MESA-INTEL: warning: Ivy Bridge Vulkan support is incomplete

DevTools listening on ws://127.0.0.1:9224/devtools/browser/abb6085b-632b-4780-942c-d7dbe347b8c1
libva error: /usr/lib/x86_64-linux-gnu/dri/iHD_drv_video.so init failed
[1426435:1426435:0815/183315.371542:ERROR:dbus/object_proxy.cc:590] Failed to call method: org.freedesktop.DBus.NameHasOwner: object_path= /org/freedesktop/DBus: unknown error type: 
[1426435:1426435:0815/183315.372645:ERROR:dbus/object_proxy.cc:590] Failed to call method: org.freedesktop.DBus.NameHasOwner: object_path= /org/freedesktop/DBus: unknown error type: 
[1426435:1426475:0815/183315.372722:ERROR:dbus/bus.cc:408] Failed to connect to the bus: Could not parse server address: Unknown address type (examples of valid types are "tcp" and on UNIX "unix")
[1426435:1426475:0815/183315.372747:ERROR:dbus/bus.cc:408] Failed to connect to the bus: Could not parse server address: Unknown address type (examples of valid types are "tcp" and on UNIX "unix")
[1426435:1426435:0815/183315.372826:ERROR:dbus/object_proxy.cc:590] Failed to call method: org.freedesktop.DBus.NameHasOwner: object_path= /org/freedesktop/DBus: unknown error type: 
[1426435:1426435:0815/183315.408415:ERROR:dbus/object_proxy.cc:590] Failed to call method: org.freedesktop.DBus.NameHasOwner: object_path= /org/freedesktop/DBus: unknown error type: 
[1426435:1426435:0815/183315.412892:ERROR:dbus/object_proxy.cc:590] Failed to call method: org.freedesktop.DBus.NameHasOwner: object_path= /org/freedesktop/DBus: unknown error type: 
WARNING: All log messages before absl::InitializeLog() is called are written to STDERR
I0000 00:00:1786811597.588212 1426480 voice_transcription.cc:58] Registering VoiceTranscriptionCapability
[1426435:1426476:0815/183318.673708:ERROR:google_apis/gcm/engine/registration_request.cc:291] Registration response error message: DEPRECATED_ENDPOINT
[1426435:1426476:0815/183318.693309:ERROR:google_apis/gcm/engine/registration_request.cc:291] Registration response error message: PHONE_REGISTRATION_ERROR
[1426435:1426476:0815/183342.572257:ERROR:google_apis/gcm/engine/registration_request.cc:291] Registration response error message: DEPRECATED_ENDPOINT
Created TensorFlow Lite XNNPACK delegate for CPU.
Attempting to use a delegate that only supports static-sized tensors with a graph that has dynamic-sized tensors (tensor#-1 is a dynamic-sized tensor).
[1426435:1426476:0815/183439.221653:ERROR:google_apis/gcm/engine/registration_request.cc:291] Registration response error message: DEPRECATED_ENDPOINT
[1426435:1426476:0815/183613.742768:ERROR:google_apis/gcm/engine/registration_request.cc:291] Registration response error message: DEPRECATED_ENDPOINT
WARNING: All log messages before absl::InitializeLog() is called are written to STDERR
I0000 00:00:1786811775.250508 1428310 voice_transcription.cc:58] Registering VoiceTranscriptionCapability
MESA-INTEL: warning: Ivy Bridge Vulkan support is incomplete
error: XDG_RUNTIME_DIR is invalid or not set in the environment.
error: XDG_RUNTIME_DIR is invalid or not set in the environment.
[1426435:1426435:0815/183615.291571:ERROR:services/on_device_model/public/cpp/service_client.cc:36] Unexpected on_device_model service disconnect: The device's GPU is not supported.
