mkdir: cannot create directory ‘/.local’: Permission denied
touch: cannot touch '/.local/share/applications/mimeapps.list': No such file or directory
[2984356:2984386:0813/125839.925085:ERROR:dbus/bus.cc:408] Failed to connect to the bus: Could not parse server address: Unknown address type (examples of valid types are "tcp" and on UNIX "unix")
[2984356:2984386:0813/125839.925257:ERROR:dbus/bus.cc:408] Failed to connect to the bus: Could not parse server address: Unknown address type (examples of valid types are "tcp" and on UNIX "unix")
[2984356:2984386:0813/125839.925827:ERROR:dbus/bus.cc:408] Failed to connect to the bus: Could not parse server address: Unknown address type (examples of valid types are "tcp" and on UNIX "unix")
[2984356:2984386:0813/125839.925869:ERROR:dbus/bus.cc:408] Failed to connect to the bus: Could not parse server address: Unknown address type (examples of valid types are "tcp" and on UNIX "unix")
[2984356:2984386:0813/125839.946798:ERROR:dbus/bus.cc:408] Failed to connect to the bus: Could not parse server address: Unknown address type (examples of valid types are "tcp" and on UNIX "unix")
[2984356:2984386:0813/125839.967761:ERROR:dbus/bus.cc:408] Failed to connect to the bus: Could not parse server address: Unknown address type (examples of valid types are "tcp" and on UNIX "unix")

DevTools listening on ws://127.0.0.1:9232/devtools/browser/039c75cd-df69-4ebf-b506-ab35e5062747
[2984356:2984356:0813/125840.156929:ERROR:dbus/object_proxy.cc:590] Failed to call method: org.freedesktop.DBus.NameHasOwner: object_path= /org/freedesktop/DBus: unknown error type: 
[2984356:2984356:0813/125840.159171:ERROR:dbus/object_proxy.cc:590] Failed to call method: org.freedesktop.DBus.NameHasOwner: object_path= /org/freedesktop/DBus: unknown error type: 
[2984356:2984386:0813/125840.159294:ERROR:dbus/bus.cc:408] Failed to connect to the bus: Could not parse server address: Unknown address type (examples of valid types are "tcp" and on UNIX "unix")
[2984356:2984386:0813/125840.159414:ERROR:dbus/bus.cc:408] Failed to connect to the bus: Could not parse server address: Unknown address type (examples of valid types are "tcp" and on UNIX "unix")
[2984356:2984356:0813/125840.159804:ERROR:dbus/object_proxy.cc:590] Failed to call method: org.freedesktop.DBus.NameHasOwner: object_path= /org/freedesktop/DBus: unknown error type: 
[2984356:2984356:0813/125840.227520:ERROR:dbus/object_proxy.cc:590] Failed to call method: org.freedesktop.DBus.NameHasOwner: object_path= /org/freedesktop/DBus: unknown error type: 
[2984356:2984356:0813/125840.227775:ERROR:dbus/object_proxy.cc:590] Failed to call method: org.freedesktop.DBus.NameHasOwner: object_path= /org/freedesktop/DBus: unknown error type: 
WARNING: All log messages before absl::InitializeLog() is called are written to STDERR
I0000 00:00:1786618723.598091 2984383 voice_transcription.cc:58] Registering VoiceTranscriptionCapability
[2984356:2984387:0813/125844.417400:ERROR:google_apis/gcm/engine/registration_request.cc:291] Registration response error message: PHONE_REGISTRATION_ERROR
[2984356:2984387:0813/125844.422317:ERROR:google_apis/gcm/engine/registration_request.cc:291] Registration response error message: PHONE_REGISTRATION_ERROR
[2984713:4:0813/125851.767416:ERROR:base/threading/platform_thread_posix.cc:160] pthread_create: Resource temporarily unavailable (11)
[2984713:1:0813/125851.767744:ERROR:base/threading/platform_thread_posix.cc:160] pthread_create: Resource temporarily unavailable (11)
[2984760:4:0813/125854.200332:ERROR:base/threading/platform_thread_posix.cc:160] pthread_create: Resource temporarily unavailable (11)
[2984760:1:0813/125854.200642:ERROR:base/threading/platform_thread_posix.cc:160] pthread_create: Resource temporarily unavailable (11)
Created TensorFlow Lite XNNPACK delegate for CPU.
Attempting to use a delegate that only supports static-sized tensors with a graph that has dynamic-sized tensors (tensor#58 is a dynamic-sized tensor).
[2984356:2984387:0813/125912.000633:ERROR:google_apis/gcm/engine/registration_request.cc:291] Registration response error message: DEPRECATED_ENDPOINT
