[2026-08-13T10:59:45.428Z] START fresh Chrome session against candidate Studio http://127.0.0.1:41210
[2026-08-13T10:59:45.443Z] NAVIGATE public Home Projects URL
[2026-08-13T10:59:45.908Z] OBSERVE rendered Projects UI
[2026-08-13T10:59:45.942Z] KEYBOARD End scrolls to the visible Import Project controls
[2026-08-13T10:59:46.309Z] OBSERVE pointer target for input "Location": {"tag":"INPUT","text":""}
[2026-08-13T10:59:46.460Z] CLICK input "Location" at rendered coordinates (403, 721)
[2026-08-13T10:59:47.070Z] INPUT "Location"="/home/stager/Work/sta-ger/agents/worktrees/pokie-phase-6-final-polishing/task_P6-02-20260813112647/docs/evidence/p6-02-browser-runtime-isolation/attempt-4/project-a-multimode" through browser keyboard
[2026-08-13T10:59:47.386Z] OBSERVE pointer target for Project A Detect: {"tag":"SPAN","text":"Detect"}
[2026-08-13T10:59:47.494Z] CLICK Project A Detect at rendered coordinates (339, 790)
[2026-08-13T10:59:47.949Z] OBSERVE Project A detection result and Register action
[2026-08-13T10:59:47.975Z] SCROLL browser viewport by 526px to reach Project A Register
[2026-08-13T10:59:48.327Z] OBSERVE pointer target for Project A Register: {"tag":"DIV","text":"LocationBrowse…Resolves to: /home/stager/Work/sta-ger/agents/worktrees/pokie-phase-6-final-polishing/task_P6-02-20260813112647/docs/evidence/p6-02-browser-runtime-isolation/attempt-4/project-a-multimode"}
[2026-08-13T10:59:48.392Z] CLICK Project A Register at rendered coordinates (346, 457)
[2026-08-13T10:59:48.848Z] OBSERVE Project A visible Open action
[2026-08-13T10:59:49.140Z] CAPTURE 04-project-a-registered.png, 04-project-a-registered-visible-text.txt, and 04-project-a-registered-url.txt
[2026-08-13T10:59:49.153Z] OBSERVE pointer target for Project A Open: {"tag":"DIV","text":"POKIE Studio"}
[2026-08-13T10:59:49.222Z] CLICK Project A Open at rendered coordinates (1280, 8)
[2026-08-13T11:00:19.763Z] FAILED Error: Timed out waiting for Project A dashboard
    at wait (file:///home/stager/Work/sta-ger/agents/worktrees/pokie-phase-6-final-polishing/task_P6-02-20260813112647/docs/evidence/p6-02-browser-runtime-isolation/browser-ui-rerun.mjs:70:46)
    at async main (file:///home/stager/Work/sta-ger/agents/worktrees/pokie-phase-6-final-polishing/task_P6-02-20260813112647/docs/evidence/p6-02-browser-runtime-isolation/browser-ui-rerun.mjs:173:5)
