mkdir: cannot create directory ‘/.local’: Permission denied
touch: cannot touch '/.local/share/applications/mimeapps.list': No such file or directory
[911771:911798:0810/172426.294620:ERROR:dbus/bus.cc:408] Failed to connect to the bus: Could not parse server address: Unknown address type (examples of valid types are "tcp" and on UNIX "unix")
[911771:911798:0810/172426.294806:ERROR:dbus/bus.cc:408] Failed to connect to the bus: Could not parse server address: Unknown address type (examples of valid types are "tcp" and on UNIX "unix")
[911771:911798:0810/172426.294845:ERROR:dbus/bus.cc:408] Failed to connect to the bus: Could not parse server address: Unknown address type (examples of valid types are "tcp" and on UNIX "unix")
[911771:911798:0810/172426.294911:ERROR:dbus/bus.cc:408] Failed to connect to the bus: Could not parse server address: Unknown address type (examples of valid types are "tcp" and on UNIX "unix")
[911771:911798:0810/172426.367135:ERROR:dbus/bus.cc:408] Failed to connect to the bus: Could not parse server address: Unknown address type (examples of valid types are "tcp" and on UNIX "unix")
[911771:911798:0810/172426.448290:ERROR:dbus/bus.cc:408] Failed to connect to the bus: Could not parse server address: Unknown address type (examples of valid types are "tcp" and on UNIX "unix")

DevTools listening on ws://127.0.0.1:9484/devtools/browser/6ae7aabf-5035-4c11-98e5-e3e5d2ecfa99
[911771:911771:0810/172426.854112:ERROR:dbus/object_proxy.cc:590] Failed to call method: org.freedesktop.DBus.NameHasOwner: object_path= /org/freedesktop/DBus: unknown error type: 
[911771:911771:0810/172426.855693:ERROR:dbus/object_proxy.cc:590] Failed to call method: org.freedesktop.DBus.NameHasOwner: object_path= /org/freedesktop/DBus: unknown error type: 
[911771:911798:0810/172426.855822:ERROR:dbus/bus.cc:408] Failed to connect to the bus: Could not parse server address: Unknown address type (examples of valid types are "tcp" and on UNIX "unix")
[911771:911798:0810/172426.855859:ERROR:dbus/bus.cc:408] Failed to connect to the bus: Could not parse server address: Unknown address type (examples of valid types are "tcp" and on UNIX "unix")
[911771:911771:0810/172426.857361:ERROR:dbus/object_proxy.cc:590] Failed to call method: org.freedesktop.DBus.NameHasOwner: object_path= /org/freedesktop/DBus: unknown error type: 
[911771:911771:0810/172426.957082:ERROR:dbus/object_proxy.cc:590] Failed to call method: org.freedesktop.DBus.NameHasOwner: object_path= /org/freedesktop/DBus: unknown error type: 
[911771:911771:0810/172426.959300:ERROR:dbus/object_proxy.cc:590] Failed to call method: org.freedesktop.DBus.NameHasOwner: object_path= /org/freedesktop/DBus: unknown error type: 
WARNING: All log messages before absl::InitializeLog() is called are written to STDERR
I0000 00:00:1786375469.705150  911796 voice_transcription.cc:58] Registering VoiceTranscriptionCapability
[911771:911799:0810/172431.866036:ERROR:google_apis/gcm/engine/registration_request.cc:291] Registration response error message: DEPRECATED_ENDPOINT
[911771:911799:0810/172459.580870:ERROR:google_apis/gcm/engine/registration_request.cc:291] Registration response error message: DEPRECATED_ENDPOINT
Created TensorFlow Lite XNNPACK delegate for CPU.
Attempting to use a delegate that only supports static-sized tensors with a graph that has dynamic-sized tensors (tensor#58 is a dynamic-sized tensor).
[911771:911799:0810/172547.640462:ERROR:google_apis/gcm/engine/registration_request.cc:291] Registration response error message: DEPRECATED_ENDPOINT
[911771:911799:0810/172722.023327:ERROR:google_apis/gcm/engine/registration_request.cc:291] Registration response error message: DEPRECATED_ENDPOINT
WARNING: All log messages before absl::InitializeLog() is called are written to STDERR
I0000 00:00:1786375646.460773  913615 voice_transcription.cc:58] Registering VoiceTranscriptionCapability
Error: ../src/intel/vulkan/anv_device.c:2455: Unable to open device /dev/dri/renderD128: Permission denied (VK_ERROR_INCOMPATIBLE_DRIVER)
Error: ../src/intel/vulkan_hasvk/anv_device.c:1575: Unable to open device /dev/dri/renderD128: Permission denied (VK_ERROR_INCOMPATIBLE_DRIVER)
error: XDG_RUNTIME_DIR is invalid or not set in the environment.
error: XDG_RUNTIME_DIR is invalid or not set in the environment.
[911771:911771:0810/172726.586253:ERROR:services/on_device_model/public/cpp/service_client.cc:36] Unexpected on_device_model service disconnect: The device's GPU is not supported.
