[2026-08-10T16:59:26.972Z] START fresh local candidate Studio browser session at http://127.0.0.1:48107
[2026-08-10T16:59:26.990Z] NAVIGATE rendered Studio root
[2026-08-10T16:59:27.454Z] OBSERVE two-mode rendered Outcome Source dashboard
[2026-08-10T16:59:27.483Z] CLICK Play navigation at rendered coordinates (130, 178)
[2026-08-10T16:59:27.889Z] OBSERVE Play mode picker
[2026-08-10T16:59:27.977Z] CLICK Outcome library mode picker at rendered coordinates (436, 292)
[2026-08-10T16:59:28.384Z] OBSERVE visible buyFeature option
[2026-08-10T16:59:28.445Z] CLICK buyFeature option at rendered coordinates (436, 374)
[2026-08-10T16:59:28.851Z] OBSERVE buyFeature selected in visible mode control
[2026-08-10T16:59:28.919Z] CLICK New session at rendered coordinates (337, 447)
[2026-08-10T16:59:29.325Z] OBSERVE Play session controls
[2026-08-10T16:59:29.383Z] CLICK Spin at rendered coordinates (310, 210)
[2026-08-10T16:59:29.790Z] OBSERVE completed rendered Play round
[2026-08-10T16:59:30.038Z] CAPTURE 06-play-buyfeature-recorded-round.png and 06-play-buyfeature-recorded-round-visible-text.txt
[2026-08-10T16:59:30.055Z] CLICK Replay navigation at rendered coordinates (130, 292)
[2026-08-10T16:59:30.461Z] OBSERVE Replay source chooser
[2026-08-10T16:59:30.589Z] CLICK Session Spin source at rendered coordinates (602, 111)
[2026-08-10T16:59:30.996Z] OBSERVE visible recorded Play round list
[2026-08-10T16:59:31.073Z] CLICK recorded Play Round 1 at rendered coordinates (513, 259)
[2026-08-10T16:59:31.480Z] OBSERVE artifact-backed Session Spin inspector
[2026-08-10T16:59:31.484Z] OBSERVE Session Spin Loaded replay Identities visibly renders "mode buyFeature" provenance
[2026-08-10T16:59:31.854Z] CAPTURE 07-replay-session-spin-mode-buyfeature-provenance.png and 07-replay-session-spin-mode-buyfeature-provenance-visible-text.txt
[2026-08-10T16:59:31.854Z] COMPLETE Play → Replay → Session Spin provenance verification
