npm warn cli npm v11.16.0 does not support Node.js v18.19.1. This version of npm supports the following node versions: `^20.17.0 || >=22.9.0`. You can find the latest version at https://nodejs.org/.

> pokie@1.3.0 prebuild
> npm run lint

npm warn cli npm v11.16.0 does not support Node.js v18.19.1. This version of npm supports the following node versions: `^20.17.0 || >=22.9.0`. You can find the latest version at https://nodejs.org/.

> pokie@1.3.0 lint
> eslint . --ext .ts,.tsx


/home/stager/Work/sta-ger/agents/worktrees/pokie-phase-6-final-polishing/task_P6-02-20260813112647/docs/evidence/p6-02-registry-lifecycle/fixtures/external-project-alias/src/index.ts
  0:0  error  Parsing error: "parserOptions.project" has been provided for @typescript-eslint/parser.
The file was not found in any of the provided project(s): docs/evidence/p6-02-registry-lifecycle/fixtures/external-project-alias/src/index.ts

/home/stager/Work/sta-ger/agents/worktrees/pokie-phase-6-final-polishing/task_P6-02-20260813112647/docs/evidence/p6-02-registry-lifecycle/rerun-20260814/fixtures/external-project/src/index.ts
  0:0  error  Parsing error: "parserOptions.project" has been provided for @typescript-eslint/parser.
The file was not found in any of the provided project(s): docs/evidence/p6-02-registry-lifecycle/rerun-20260814/fixtures/external-project/src/index.ts

/home/stager/Work/sta-ger/agents/worktrees/pokie-phase-6-final-polishing/task_P6-02-20260813112647/tests/cli/studio-client/src/components/blueprintEditor/BlueprintEditorPage.parImportManagedSave.test.tsx
  58:1  error  Expected indentation of 28 spaces but found 30  indent
  59:1  error  Expected indentation of 32 spaces but found 34  indent
  60:1  error  Expected indentation of 32 spaces but found 34  indent
  61:1  error  Expected indentation of 32 spaces but found 34  indent
  62:1  error  Expected indentation of 32 spaces but found 34  indent
  63:1  error  Expected indentation of 32 spaces but found 34  indent
  64:1  error  Expected indentation of 32 spaces but found 34  indent
  65:1  error  Expected indentation of 32 spaces but found 34  indent
  66:1  error  Expected indentation of 32 spaces but found 34  indent
  67:1  error  Expected indentation of 28 spaces but found 30  indent
  68:1  error  Expected indentation of 24 spaces but found 26  indent

/home/stager/Work/sta-ger/agents/worktrees/pokie-phase-6-final-polishing/task_P6-02-20260813112647/tests/cli/studio/StudioProjectRegistrationService.test.ts
  902:54  error  Return values from promise executor functions cannot be read  no-promise-executor-return

✖ 14 problems (14 errors, 0 warnings)
  11 errors and 0 warnings potentially fixable with the `--fix` option.

