[2026-08-14T16:44:02.728Z] START fresh Studio/client UI lifecycle phase 1 against http://127.0.0.1:4126
[2026-08-14T16:44:02.747Z] NAVIGATE public Studio Design Game route
[2026-08-14T16:44:03.284Z] OBSERVE rendered guided Design Game
[2026-08-14T16:44:03.406Z] CLICK New Blueprint at rendered BUTTON coordinates (342, 398)
[2026-08-14T16:44:04.015Z] OBSERVE rendered New Blueprint dialog
[2026-08-14T16:44:04.109Z] CLICK Generate random at rendered BUTTON coordinates (348, 153)
[2026-08-14T16:44:04.780Z] CLICK Generate random blueprint at rendered BUTTON coordinates (447, 198)
[2026-08-14T16:44:05.387Z] OBSERVE rendered generated blueprint
[2026-08-14T16:44:05.747Z] CLICK Use this blueprint at rendered BUTTON coordinates (426, 383)
[2026-08-14T16:44:06.980Z] OBSERVE valid guided blueprint
[2026-08-14T16:44:06.985Z] OBSERVE enabled managed Save
[2026-08-14T16:44:07.180Z] CLICK managed Save at rendered BUTTON coordinates (311, 275)
[2026-08-14T16:44:07.786Z] OBSERVE managed save success
[2026-08-14T16:44:07.795Z] OBSERVE managed path from rendered success: /home/stager/Work/sta-ger/agents/worktrees/pokie-phase-6-final-polishing/task_P6-02-20260813112647/docs/evidence/p6-02-registry-lifecycle/rerun-20260814/documents/POKIE Projects/zany-jolly-stampede/blueprint.json
[2026-08-14T16:44:08.059Z] CAPTURE 04-managed-save-visible-refresh-source.png, 04-managed-save-visible-refresh-source-visible-text.txt, and 04-managed-save-visible-refresh-source-url.txt
[2026-08-14T16:44:08.088Z] CLICK Projects navigation at rendered BUTTON coordinates (130, 137)
[2026-08-14T16:44:08.691Z] OBSERVE rendered Projects registry
[2026-08-14T16:44:38.737Z] FAILED Error: Timed out waiting for managed save immediately refreshed Projects without reload
    at wait (file:///home/stager/Work/sta-ger/agents/worktrees/pokie-phase-6-final-polishing/task_P6-02-20260813112647/docs/evidence/p6-02-registry-lifecycle/rerun-20260814/browser-rerun.mjs:67:46)
    at async main (file:///home/stager/Work/sta-ger/agents/worktrees/pokie-phase-6-final-polishing/task_P6-02-20260813112647/docs/evidence/p6-02-registry-lifecycle/rerun-20260814/browser-rerun.mjs:154:9)
