Script started on 2026-08-10 20:15:07+02:00 [COMMAND="env PATH=/home/stager/.nvm/versions/node/v24.18.0/bin:/usr/local/bin:/usr/bin:/bin /home/stager/.nvm/versions/node/v24.18.0/bin/node /home/stager/Work/sta-ger/agents/worktrees/pokie-phase-5-post-audit-polishing/task_P5PA-04-20260810154958/docs/phase5-post-audit/evidence/p5pa-04-multimode-outcome-library-fix/browser-ui-rerun/build-real-multimode-bundle.mjs /tmp/p5pa04-independent-real-multimode-library && env PATH=/home/stager/.nvm/versions/node/v24.18.0/bin:/usr/local/bin:/usr/bin:/bin /home/stager/.nvm/versions/node/v24.18.0/bin/node dist/cli/pokie.js outcomelibrary validate /tmp/p5pa04-independent-real-multimode-library --deep" <not executed on terminal>]
node:internal/modules/esm/resolve:271
    throw new ERR_MODULE_NOT_FOUND(
          ^

Error [ERR_MODULE_NOT_FOUND]: Cannot find module '/tmp/p5pa04-independent-candidate-84dc6653/dist/esm/index.js' imported from /home/stager/Work/sta-ger/agents/worktrees/pokie-phase-5-post-audit-polishing/task_P5PA-04-20260810154958/docs/phase5-post-audit/evidence/p5pa-04-multimode-outcome-library-fix/browser-ui-rerun/build-real-multimode-bundle.mjs
    at finalizeResolution (node:internal/modules/esm/resolve:271:11)
    at moduleResolve (node:internal/modules/esm/resolve:865:10)
    at defaultResolve (node:internal/modules/esm/resolve:992:11)
    at #cachedDefaultResolve (node:internal/modules/esm/loader:701:20)
    at #resolveAndMaybeBlockOnLoaderThread (node:internal/modules/esm/loader:721:38)
    at ModuleLoader.resolveSync (node:internal/modules/esm/loader:759:56)
    at #resolve (node:internal/modules/esm/loader:683:17)
    at ModuleLoader.getOrCreateModuleJob (node:internal/modules/esm/loader:603:35)
    at node:internal/modules/esm/loader:632:32
    at TracingChannel.tracePromise (node:diagnostics_channel:362:14) {
  code: 'ERR_MODULE_NOT_FOUND',
  url: 'file:///tmp/p5pa04-independent-candidate-84dc6653/dist/esm/index.js'
}

Node.js v24.18.0

Script done on 2026-08-10 20:15:08+02:00 [COMMAND_EXIT_CODE="1"]
