mkdir: cannot create directory ‘/.local’: Permission denied
touch: cannot touch '/.local/share/applications/mimeapps.list': No such file or directory
[2631179:2631220:0817/031751.163052:ERROR:dbus/bus.cc:408] Failed to connect to the bus: Could not parse server address: Unknown address type (examples of valid types are "tcp" and on UNIX "unix")
[2631179:2631220:0817/031751.164114:ERROR:dbus/bus.cc:408] Failed to connect to the bus: Could not parse server address: Unknown address type (examples of valid types are "tcp" and on UNIX "unix")
[2631179:2631220:0817/031751.164143:ERROR:dbus/bus.cc:408] Failed to connect to the bus: Could not parse server address: Unknown address type (examples of valid types are "tcp" and on UNIX "unix")
[2631179:2631220:0817/031751.164163:ERROR:dbus/bus.cc:408] Failed to connect to the bus: Could not parse server address: Unknown address type (examples of valid types are "tcp" and on UNIX "unix")
[2631179:2631220:0817/031751.194495:ERROR:dbus/bus.cc:408] Failed to connect to the bus: Could not parse server address: Unknown address type (examples of valid types are "tcp" and on UNIX "unix")
[2631179:2631220:0817/031751.225506:ERROR:dbus/bus.cc:408] Failed to connect to the bus: Could not parse server address: Unknown address type (examples of valid types are "tcp" and on UNIX "unix")

DevTools listening on ws://127.0.0.1:9228/devtools/browser/9881204b-b488-4708-b653-73f654da23ee
[2631179:2631179:0817/031751.462607:ERROR:dbus/object_proxy.cc:590] Failed to call method: org.freedesktop.DBus.NameHasOwner: object_path= /org/freedesktop/DBus: unknown error type: 
[2631179:2631179:0817/031751.464289:ERROR:dbus/object_proxy.cc:590] Failed to call method: org.freedesktop.DBus.NameHasOwner: object_path= /org/freedesktop/DBus: unknown error type: 
[2631179:2631220:0817/031751.464452:ERROR:dbus/bus.cc:408] Failed to connect to the bus: Could not parse server address: Unknown address type (examples of valid types are "tcp" and on UNIX "unix")
[2631179:2631220:0817/031751.464493:ERROR:dbus/bus.cc:408] Failed to connect to the bus: Could not parse server address: Unknown address type (examples of valid types are "tcp" and on UNIX "unix")
[2631179:2631179:0817/031751.464648:ERROR:dbus/object_proxy.cc:590] Failed to call method: org.freedesktop.DBus.NameHasOwner: object_path= /org/freedesktop/DBus: unknown error type: 
[2631179:2631179:0817/031751.492356:ERROR:dbus/object_proxy.cc:590] Failed to call method: org.freedesktop.DBus.NameHasOwner: object_path= /org/freedesktop/DBus: unknown error type: 
[2631179:2631179:0817/031751.492834:ERROR:dbus/object_proxy.cc:590] Failed to call method: org.freedesktop.DBus.NameHasOwner: object_path= /org/freedesktop/DBus: unknown error type: 
MESA-INTEL: warning: Ivy Bridge Vulkan support is incomplete
libva error: /usr/lib/x86_64-linux-gnu/dri/iHD_drv_video.so init failed
WARNING: All log messages before absl::InitializeLog() is called are written to STDERR
I0000 00:00:1786929473.789192 2631224 voice_transcription.cc:58] Registering VoiceTranscriptionCapability
[2631179:2631221:0817/031805.571219:ERROR:google_apis/gcm/engine/registration_request.cc:291] Registration response error message: DEPRECATED_ENDPOINT
[2631179:2631221:0817/031831.852260:ERROR:google_apis/gcm/engine/registration_request.cc:291] Registration response error message: DEPRECATED_ENDPOINT
[2631179:2631221:0817/031932.257831:ERROR:google_apis/gcm/engine/registration_request.cc:291] Registration response error message: DEPRECATED_ENDPOINT
Created TensorFlow Lite XNNPACK delegate for CPU.
Attempting to use a delegate that only supports static-sized tensors with a graph that has dynamic-sized tensors (tensor#58 is a dynamic-sized tensor).
WARNING: All log messages before absl::InitializeLog() is called are written to STDERR
I0000 00:00:1786929651.240728 2633066 voice_transcription.cc:58] Registering VoiceTranscriptionCapability
MESA-INTEL: warning: Ivy Bridge Vulkan support is incomplete
error: XDG_RUNTIME_DIR is invalid or not set in the environment.
error: XDG_RUNTIME_DIR is invalid or not set in the environment.
[2631179:2631179:0817/032051.272689:ERROR:services/on_device_model/public/cpp/service_client.cc:36] Unexpected on_device_model service disconnect: The device's GPU is not supported.
[2631179:2631221:0817/032127.715215:ERROR:google_apis/gcm/engine/registration_request.cc:291] Registration response error message: DEPRECATED_ENDPOINT
[2631179:2631221:0817/032615.779140:ERROR:google_apis/gcm/engine/registration_request.cc:274] Registration URL fetching failed.
[2631240:2631262:0817/032618.041934:ERROR:net/socket/ssl_client_socket_impl.cc:896] handshake failed; returned -1, SSL error code 1, net_error -100
