[2026-08-10T21:46:50.451Z] FAILED TypeError: fetch failed
[2026-08-10T21:47:29.939Z] FAILED TypeError: fetch failed
[2026-08-10T21:48:04.407Z] START fresh Chrome browser session against local candidate Studio http://127.0.0.1:41205
[2026-08-10T21:48:04.438Z] NAVIGATE rendered Studio project workspace
[2026-08-10T21:49:04.618Z] FAILED Error: Timed out waiting for free-games-capable project dashboard
    at wait (file:///home/stager/Work/sta-ger/agents/worktrees/pokie-phase-5-post-audit-polishing/task_P5PA-05-20260810205113/docs/phase5-post-audit/evidence/p5pa-05-play-find-free-games-fix/browser-ui-rerun.mjs:64:46)
    at async main (file:///home/stager/Work/sta-ger/agents/worktrees/pokie-phase-5-post-audit-polishing/task_P5PA-05-20260810205113/docs/phase5-post-audit/evidence/p5pa-05-play-find-free-games-fix/browser-ui-rerun.mjs:102:5)
[2026-08-10T21:50:10.731Z] START fresh Chrome browser session against local candidate Studio http://127.0.0.1:41205
[2026-08-10T21:50:10.773Z] NAVIGATE rendered Studio project workspace
[2026-08-10T21:50:11.250Z] OBSERVE free-games-capable project dashboard
[2026-08-10T21:50:11.298Z] CLICK Play navigation at rendered coordinates (130, 178)
[2026-08-10T21:50:11.704Z] OBSERVE rendered Play session setup
[2026-08-10T21:50:11.729Z] CLICK input "Seed (optional)" at rendered coordinates (436, 391)
[2026-08-10T21:50:12.158Z] INPUT "Seed (optional)"="p5pa05-visible-find-free-games" through the browser keyboard
[2026-08-10T21:50:12.514Z] CLICK Play New session at rendered coordinates (337, 439)
[2026-08-10T21:50:12.918Z] OBSERVE rendered Find free games control
[2026-08-10T21:50:12.978Z] CLICK Find free games at rendered coordinates (349, 307)
[2026-08-10T21:50:13.411Z] OBSERVE returned Play artifact visibly contains freeGamesTriggered
[2026-08-10T21:50:13.690Z] CAPTURE 08-play-find-free-games-artifact.png and 08-play-find-free-games-artifact-visible-text.txt
[2026-08-10T21:50:13.706Z] CLICK Replay navigation immediately after Find free games at rendered coordinates (130, 292)
[2026-08-10T21:50:14.111Z] OBSERVE Replay source chooser
[2026-08-10T21:50:14.249Z] CLICK Replay Session Spin source at rendered coordinates (602, 112)
[2026-08-10T21:50:14.655Z] OBSERVE shared recorder Session Spin entry list
[2026-08-10T21:50:14.755Z] CLICK newest shared recorder round at rendered coordinates (513, 260)
[2026-08-10T21:51:15.250Z] FAILED Error: Timed out waiting for same shared recorder entry visibly identified as Find free games with its free-games event
    at wait (file:///home/stager/Work/sta-ger/agents/worktrees/pokie-phase-5-post-audit-polishing/task_P5PA-05-20260810205113/docs/phase5-post-audit/evidence/p5pa-05-play-find-free-games-fix/browser-ui-rerun.mjs:64:46)
    at async main (file:///home/stager/Work/sta-ger/agents/worktrees/pokie-phase-5-post-audit-polishing/task_P5PA-05-20260810205113/docs/phase5-post-audit/evidence/p5pa-05-play-find-free-games-fix/browser-ui-rerun.mjs:117:5)
