[1102767:1102791:0810/234757.133991:ERROR:dbus/bus.cc:408] Failed to connect to the bus: Could not parse server address: Unknown address type (examples of valid types are "tcp" and on UNIX "unix")
[1102767:1102791:0810/234757.134159:ERROR:dbus/bus.cc:408] Failed to connect to the bus: Could not parse server address: Unknown address type (examples of valid types are "tcp" and on UNIX "unix")
[1102767:1102791:0810/234757.134193:ERROR:dbus/bus.cc:408] Failed to connect to the bus: Could not parse server address: Unknown address type (examples of valid types are "tcp" and on UNIX "unix")
[1102767:1102791:0810/234757.134696:ERROR:dbus/bus.cc:408] Failed to connect to the bus: Could not parse server address: Unknown address type (examples of valid types are "tcp" and on UNIX "unix")
[1102767:1102791:0810/234757.156187:ERROR:dbus/bus.cc:408] Failed to connect to the bus: Could not parse server address: Unknown address type (examples of valid types are "tcp" and on UNIX "unix")
[1102767:1102791:0810/234757.173941:ERROR:dbus/bus.cc:408] Failed to connect to the bus: Could not parse server address: Unknown address type (examples of valid types are "tcp" and on UNIX "unix")

DevTools listening on ws://127.0.0.1:9226/devtools/browser/cf3e4c7d-4ace-4e2b-b12e-7b82a75fb59a
[1102767:1102767:0810/234757.341000:ERROR:dbus/object_proxy.cc:590] Failed to call method: org.freedesktop.DBus.NameHasOwner: object_path= /org/freedesktop/DBus: unknown error type: 
[1102767:1102767:0810/234757.343904:ERROR:dbus/object_proxy.cc:590] Failed to call method: org.freedesktop.DBus.NameHasOwner: object_path= /org/freedesktop/DBus: unknown error type: 
[1102767:1102791:0810/234757.344026:ERROR:dbus/bus.cc:408] Failed to connect to the bus: Could not parse server address: Unknown address type (examples of valid types are "tcp" and on UNIX "unix")
[1102767:1102791:0810/234757.344056:ERROR:dbus/bus.cc:408] Failed to connect to the bus: Could not parse server address: Unknown address type (examples of valid types are "tcp" and on UNIX "unix")
[1102767:1102767:0810/234757.344156:ERROR:dbus/object_proxy.cc:590] Failed to call method: org.freedesktop.DBus.NameHasOwner: object_path= /org/freedesktop/DBus: unknown error type: 
[1102767:1102767:0810/234757.399081:ERROR:dbus/object_proxy.cc:590] Failed to call method: org.freedesktop.DBus.NameHasOwner: object_path= /org/freedesktop/DBus: unknown error type: 
[1102767:1102767:0810/234757.399553:ERROR:dbus/object_proxy.cc:590] Failed to call method: org.freedesktop.DBus.NameHasOwner: object_path= /org/freedesktop/DBus: unknown error type: 
WARNING: All log messages before absl::InitializeLog() is called are written to STDERR
I0000 00:00:1786398480.738603 1102787 voice_transcription.cc:58] Registering VoiceTranscriptionCapability
[1102767:1102792:0810/234802.031005:ERROR:google_apis/gcm/engine/registration_request.cc:291] Registration response error message: PHONE_REGISTRATION_ERROR
[1102767:1102792:0810/234802.033247:ERROR:google_apis/gcm/engine/registration_request.cc:291] Registration response error message: PHONE_REGISTRATION_ERROR
[1102806:1102810:0810/234804.352831:ERROR:base/threading/platform_thread_posix.cc:160] pthread_create: Resource temporarily unavailable (11)
[1103069:1103069:0810/234804.368794:ERROR:base/threading/platform_thread_posix.cc:160] pthread_create: Resource temporarily unavailable (11)
[1103078:1103078:0810/234804.473092:ERROR:base/threading/platform_thread_posix.cc:160] pthread_create: Resource temporarily unavailable (11)
[1102784:1102784:0810/234807.688428:ERROR:content/zygote/zygote_linux.cc:621] Zygote could not fork: process_type utility numfds 5 child_pid -1
[1102767:1102804:0810/234807.688395:ERROR:content/common/zygote/zygote_communication_linux.cc:164] NOTREACHED hit. Did not receive ping from zygote child
[1102767:1102767:0810/234812.578784:ERROR:content/common/zygote/zygote_communication_linux.cc:296] Failed to send GetTerminationStatus message to zygote
[1102767:1102767:0810/234816.232945:ERROR:content/common/zygote/zygote_communication_linux.cc:296] Failed to send GetTerminationStatus message to zygote
[1102767:1102767:0810/234827.666095:ERROR:content/common/zygote/zygote_communication_linux.cc:296] Failed to send GetTerminationStatus message to zygote
[1102767:1102792:0810/234830.817096:ERROR:google_apis/gcm/engine/registration_request.cc:291] Registration response error message: DEPRECATED_ENDPOINT
[1102767:1102767:0810/234831.242002:ERROR:content/common/zygote/zygote_communication_linux.cc:296] Failed to send GetTerminationStatus message to zygote
[1102767:1102792:0810/234919.276038:ERROR:google_apis/gcm/engine/registration_request.cc:291] Registration response error message: DEPRECATED_ENDPOINT
