npm warn cli npm v11.16.0 does not support Node.js v18.19.1. This version of npm supports the following node versions: `^20.17.0 || >=22.9.0`. You can find the latest version at https://nodejs.org/.

> pokie@1.3.0 prebuild
> npm run lint


> pokie@1.3.0 lint
> eslint . --ext .ts,.tsx


/home/stager/Work/sta-ger/agents/worktrees/pokie-phase-6-final-polishing/task_P6-05-20260816145527/cli/studio-client/src/components/blueprintEditor/BetModesEditor.tsx
  32:175  error  Statement inside of curly braces should be on next line                                                        brace-style
  32:226  error  This line has 2 statements. Maximum allowed is 1                                                               max-statements-per-line
  32:339  error  Closing curly brace should be on the same line as opening curly brace or on the line after the previous block  brace-style
  33:165  error  Statement inside of curly braces should be on next line                                                        brace-style
  33:216  error  This line has 2 statements. Maximum allowed is 1                                                               max-statements-per-line
  33:324  error  Closing curly brace should be on the same line as opening curly brace or on the line after the previous block  brace-style
  36:178  error  Statement inside of curly braces should be on next line                                                        brace-style
  36:229  error  This line has 2 statements. Maximum allowed is 1                                                               max-statements-per-line
  36:343  error  Closing curly brace should be on the same line as opening curly brace or on the line after the previous block  brace-style

/home/stager/Work/sta-ger/agents/worktrees/pokie-phase-6-final-polishing/task_P6-05-20260816145527/cli/studio-client/src/components/common/CanonicalPlayerView.tsx
  93:35  error  Statement inside of curly braces should be on next line                                                        brace-style
  93:37  error  This line has 2 statements. Maximum allowed is 1                                                               max-statements-per-line
  93:66  error  Closing curly brace should be on the same line as opening curly brace or on the line after the previous block  brace-style

/home/stager/Work/sta-ger/agents/worktrees/pokie-phase-6-final-polishing/task_P6-05-20260816145527/cli/studio-client/src/components/common/SymbolPresentation.tsx
  22:33  error  Statement inside of curly braces should be on next line                                                        brace-style
  22:65  error  Closing curly brace should be on the same line as opening curly brace or on the line after the previous block  brace-style
  23:30  error  Statement inside of curly braces should be on next line                                                        brace-style
  23:60  error  Closing curly brace should be on the same line as opening curly brace or on the line after the previous block  brace-style
  28:22  error  Statement inside of curly braces should be on next line                                                        brace-style
  28:24  error  This line has 2 statements. Maximum allowed is 1                                                               max-statements-per-line
  28:40  error  Closing curly brace should be on the same line as opening curly brace or on the line after the previous block  brace-style

/home/stager/Work/sta-ger/agents/worktrees/pokie-phase-6-final-polishing/task_P6-05-20260816145527/cli/studio-client/src/domain/blueprintFormOps.ts
  101:9   error  Avoid using Function.prototype.call, instead use Reflect.apply  prefer-reflect
  110:21  error  Avoid using Function.prototype.call, instead use Reflect.apply  prefer-reflect
  122:81  error  Avoid using Function.prototype.call, instead use Reflect.apply  prefer-reflect
  138:21  error  Avoid using Function.prototype.call, instead use Reflect.apply  prefer-reflect

✖ 23 problems (23 errors, 0 warnings)
  14 errors and 0 warnings potentially fixable with the `--fix` option.

