[2026-08-16T15:19:43.020Z] START a fresh Chrome profile against this candidate's freshly built local Studio.
[2026-08-16T15:19:43.743Z] NAVIGATE browser address bar to http://127.0.0.1:4655/#/project/gameModel
[2026-08-16T15:19:44.038Z] CAPTURE 01-initial-game-model.png and 01-initial-game-model.txt
[2026-08-16T15:19:44.429Z] CLICK "Edit" in "Layout" section
[2026-08-16T15:19:45.575Z] INPUT "Rows"="4" through browser keyboard
[2026-08-16T15:19:46.006Z] CLICK "Save" in "Layout" section
[2026-08-16T15:19:46.014Z] OBSERVE Layout Save returned View with Rows: 4
[2026-08-16T15:19:46.399Z] CAPTURE 02-layout-saved.png and 02-layout-saved.txt
[2026-08-16T15:19:47.078Z] CLICK "Edit" in "Reels" section
[2026-08-16T15:19:47.466Z] CLICK radio "Default" at rendered coordinates
[2026-08-16T15:19:47.850Z] CLICK "Save" in "Reels" section
[2026-08-16T15:19:47.858Z] OBSERVE Reels Save returned View with Generation mode: Default (uniform across symbols)
[2026-08-16T15:19:48.276Z] CAPTURE 03-reels-saved.png and 03-reels-saved.txt
[2026-08-16T15:19:48.938Z] CLICK "Edit" in "Paytable" section
[2026-08-16T15:19:50.123Z] INPUT "A x3 payout"="5" through browser keyboard
[2026-08-16T15:19:50.804Z] CLICK "Save" in "Paytable" section
[2026-08-16T15:19:50.819Z] OBSERVE Paytable Save returned View with A match-count 3 payout 5
[2026-08-16T15:19:51.257Z] CAPTURE 04-paytable-saved.png and 04-paytable-saved.txt
[2026-08-16T15:19:51.910Z] CLICK "Edit" in "Bets & Modes" section
[2026-08-16T15:19:52.716Z] INPUT "Bet 4"="11" through browser keyboard
[2026-08-16T15:19:53.142Z] CLICK "Save" in "Bets & Modes" section
[2026-08-16T15:20:23.310Z] FAILED Error: Timed out waiting for Bets & Modes Save returned View with Available bets: 1, 2, 5, 11
    at waitUntil (file:///home/stager/Work/sta-ger/agents/worktrees/pokie-phase-6-final-polishing/task_P6-05-20260816145527/docs/evidence/p6-05-game-model-artwork-real-workflow/host-save-persistence-20260816/rendered-save-persistence.mjs:37:181)
    at async expectSaved (file:///home/stager/Work/sta-ger/agents/worktrees/pokie-phase-6-final-polishing/task_P6-05-20260816145527/docs/evidence/p6-05-game-model-artwork-real-workflow/host-save-persistence-20260816/rendered-save-persistence.mjs:49:71)
    at async main (file:///home/stager/Work/sta-ger/agents/worktrees/pokie-phase-6-final-polishing/task_P6-05-20260816145527/docs/evidence/p6-05-game-model-artwork-real-workflow/host-save-persistence-20260816/rendered-save-persistence.mjs:66:5)
