[2026-08-13T12:33:06.623Z] START fresh Chrome session against candidate Studio http://127.0.0.1:41232
[2026-08-13T12:33:06.635Z] NAVIGATE public initial Project A Play URL
[2026-08-13T12:33:07.123Z] OBSERVE Project A dashboard
[2026-08-13T12:33:07.125Z] OBSERVE Project A Play setup
[2026-08-13T12:33:07.127Z] OBSERVE Project A visible outcome-library mode picker
[2026-08-13T12:33:07.134Z] OBSERVE pointer target for Outcome library mode picker: {"tag":"INPUT","text":""}
[2026-08-13T12:33:07.246Z] CLICK Outcome library mode picker at rendered coordinates (436, 346)
[2026-08-13T12:33:07.701Z] OBSERVE visible buyFeature mode option
[2026-08-13T12:33:07.706Z] OBSERVE pointer target for buyFeature mode option: {"tag":"DIV","text":"buyFeature"}
[2026-08-13T12:33:07.797Z] CLICK buyFeature mode option at rendered coordinates (436, 427)
[2026-08-13T12:33:08.252Z] OBSERVE buyFeature visibly selected
[2026-08-13T12:33:08.263Z] OBSERVE pointer target for input "Seed (optional)": {"tag":"INPUT","text":""}
[2026-08-13T12:33:08.337Z] CLICK input "Seed (optional)" at rendered coordinates (436, 452)
[2026-08-13T12:33:08.925Z] INPUT "Seed (optional)"="p6-a-visible-session" through browser keyboard
[2026-08-13T12:33:09.235Z] OBSERVE pointer target for Project A New session: {"tag":"SPAN","text":"New session"}
[2026-08-13T12:33:09.338Z] CLICK Project A New session at rendered coordinates (337, 500)
[2026-08-13T12:33:09.795Z] OBSERVE Project A visible Spin action
[2026-08-13T12:33:09.815Z] OBSERVE pointer target for Project A Spin: {"tag":"SPAN","text":"Spin"}
[2026-08-13T12:33:09.926Z] CLICK Project A Spin at rendered coordinates (310, 235)
[2026-08-13T12:33:10.381Z] OBSERVE Project A visible session and played-round state
[2026-08-13T12:33:10.645Z] CAPTURE 05-project-a-play-state.png, 05-project-a-play-state-visible-text.txt, and 05-project-a-play-state-url.txt
[2026-08-13T12:33:10.652Z] OBSERVE pointer target for Studio Home breadcrumb from Project A: {"tag":"BUTTON","text":"POKIE Studio"}
[2026-08-13T12:33:10.715Z] CLICK Studio Home breadcrumb from Project A at rendered coordinates (62, 29)
[2026-08-13T12:33:11.175Z] OBSERVE Home after closing Project A
[2026-08-13T12:33:11.184Z] OBSERVE pointer target for Home Projects navigation: {"tag":"DIV","text":"Projects"}
[2026-08-13T12:33:11.266Z] CLICK Home Projects navigation at rendered coordinates (130, 137)
[2026-08-13T12:33:11.722Z] OBSERVE Projects UI for Project B
[2026-08-13T12:33:11.734Z] KEYBOARD End scrolls to the visible Project B Import controls
[2026-08-13T12:33:12.100Z] OBSERVE pointer target for input "Location": {"tag":"INPUT","text":""}
[2026-08-13T12:33:12.206Z] CLICK input "Location" at rendered coordinates (403, 647)
[2026-08-13T12:33:12.810Z] INPUT "Location"="/home/stager/Work/sta-ger/agents/worktrees/pokie-phase-6-final-polishing/task_P6-02-20260813112647/docs/evidence/p6-02-browser-runtime-isolation/fixtures/project-b" through browser keyboard
[2026-08-13T12:33:13.125Z] OBSERVE pointer target for Project B Detect: {"tag":"SPAN","text":"Detect"}
[2026-08-13T12:33:13.222Z] CLICK Project B Detect at rendered coordinates (1319, 668)
[2026-08-13T12:33:13.675Z] OBSERVE Project B package detection
[2026-08-13T12:33:13.683Z] OBSERVE pointer target for Project B Register: null
[2026-08-13T12:33:13.757Z] CLICK Project B Register at rendered coordinates (346, 861)
[2026-08-13T12:33:14.210Z] OBSERVE Project B visible Open action
[2026-08-13T12:33:14.217Z] OBSERVE pointer target for Project B Open: {"tag":"SPAN","text":"Open"}
[2026-08-13T12:33:14.296Z] CLICK Project B Open at rendered coordinates (1280, 217)
[2026-08-13T12:33:14.750Z] OBSERVE Project B dashboard
[2026-08-13T12:33:14.756Z] OBSERVE pointer target for Project B Play navigation: {"tag":"DIV","text":"Play"}
[2026-08-13T12:33:14.826Z] CLICK Project B Play navigation at rendered coordinates (130, 178)
[2026-08-13T12:33:15.278Z] OBSERVE Project B fresh Play setup with no visible A round
[2026-08-13T12:33:15.452Z] CAPTURE 06-project-b-fresh-play-state.png, 06-project-b-fresh-play-state-visible-text.txt, and 06-project-b-fresh-play-state-url.txt
[2026-08-13T12:33:15.457Z] OBSERVE pointer target for input "Seed (optional)": {"tag":"INPUT","text":""}
[2026-08-13T12:33:15.516Z] CLICK input "Seed (optional)" at rendered coordinates (436, 346)
[2026-08-13T12:33:16.083Z] INPUT "Seed (optional)"="p6-b-visible-session" through browser keyboard
[2026-08-13T12:33:16.390Z] OBSERVE pointer target for Project B New session: {"tag":"SPAN","text":"New session"}
[2026-08-13T12:33:16.468Z] CLICK Project B New session at rendered coordinates (337, 394)
[2026-08-13T12:33:16.920Z] OBSERVE Project B visible Spin action
[2026-08-13T12:33:17.103Z] CAPTURE 07-project-b-session-state.png, 07-project-b-session-state-visible-text.txt, and 07-project-b-session-state-url.txt
[2026-08-13T12:33:17.106Z] KEYBOARD Alt+Left browser Back: history step 1 from Project B
[2026-08-13T12:33:17.658Z] OBSERVE location after Back: http://127.0.0.1:41232/#/project/%2Fhome%2Fstager%2FWork%2Fsta-ger%2Fagents%2Fworktrees%2Fpokie-phase-6-final-polishing%2Ftask_P6-02-20260813112647%2Fdocs%2Fevidence%2Fp6-02-browser-runtime-isolation%2Ffixtures%2Fproject-b/play
[2026-08-13T12:33:17.663Z] KEYBOARD Alt+Left browser Back: history step 2 from Project B
[2026-08-13T12:33:18.215Z] OBSERVE location after Back: http://127.0.0.1:41232/#/project/%2Fhome%2Fstager%2FWork%2Fsta-ger%2Fagents%2Fworktrees%2Fpokie-phase-6-final-polishing%2Ftask_P6-02-20260813112647%2Fdocs%2Fevidence%2Fp6-02-browser-runtime-isolation%2Ffixtures%2Fproject-b/play
[2026-08-13T12:33:18.219Z] KEYBOARD Alt+Left browser Back: history step 3 from Project B
[2026-08-13T12:33:18.771Z] OBSERVE location after Back: http://127.0.0.1:41232/#/project/%2Fhome%2Fstager%2FWork%2Fsta-ger%2Fagents%2Fworktrees%2Fpokie-phase-6-final-polishing%2Ftask_P6-02-20260813112647%2Fdocs%2Fevidence%2Fp6-02-browser-runtime-isolation%2Ffixtures%2Fproject-b/play
[2026-08-13T12:33:18.774Z] KEYBOARD Alt+Left browser Back: history step 4 from Project B
[2026-08-13T12:33:19.327Z] OBSERVE location after Back: http://127.0.0.1:41232/#/project/%2Fhome%2Fstager%2FWork%2Fsta-ger%2Fagents%2Fworktrees%2Fpokie-phase-6-final-polishing%2Ftask_P6-02-20260813112647%2Fdocs%2Fevidence%2Fp6-02-browser-runtime-isolation%2Ffixtures%2Fproject-b/play
[2026-08-13T12:33:19.333Z] KEYBOARD Alt+Left browser Back: history step 5 from Project B
[2026-08-13T12:33:19.892Z] OBSERVE location after Back: http://127.0.0.1:41232/#/project/%2Fhome%2Fstager%2FWork%2Fsta-ger%2Fagents%2Fworktrees%2Fpokie-phase-6-final-polishing%2Ftask_P6-02-20260813112647%2Fdocs%2Fevidence%2Fp6-02-browser-runtime-isolation%2Ffixtures%2Fproject-b/play
[2026-08-13T12:33:19.896Z] KEYBOARD Alt+Left browser Back: history step 6 from Project B
[2026-08-13T12:33:20.448Z] OBSERVE location after Back: http://127.0.0.1:41232/#/project/%2Fhome%2Fstager%2FWork%2Fsta-ger%2Fagents%2Fworktrees%2Fpokie-phase-6-final-polishing%2Ftask_P6-02-20260813112647%2Fdocs%2Fevidence%2Fp6-02-browser-runtime-isolation%2Ffixtures%2Fproject-b/play
[2026-08-13T12:33:20.451Z] KEYBOARD Alt+Left browser Back: history step 7 from Project B
[2026-08-13T12:33:21.003Z] OBSERVE location after Back: http://127.0.0.1:41232/#/project/%2Fhome%2Fstager%2FWork%2Fsta-ger%2Fagents%2Fworktrees%2Fpokie-phase-6-final-polishing%2Ftask_P6-02-20260813112647%2Fdocs%2Fevidence%2Fp6-02-browser-runtime-isolation%2Ffixtures%2Fproject-b/play
[2026-08-13T12:33:21.008Z] KEYBOARD Alt+Left browser Back: history step 8 from Project B
[2026-08-13T12:33:21.560Z] OBSERVE location after Back: http://127.0.0.1:41232/#/project/%2Fhome%2Fstager%2FWork%2Fsta-ger%2Fagents%2Fworktrees%2Fpokie-phase-6-final-polishing%2Ftask_P6-02-20260813112647%2Fdocs%2Fevidence%2Fp6-02-browser-runtime-isolation%2Ffixtures%2Fproject-b/play
[2026-08-13T12:33:21.721Z] CAPTURE 08-browser-back-result.png, 08-browser-back-result-visible-text.txt, and 08-browser-back-result-url.txt
[2026-08-13T12:33:21.721Z] FAILED Error: Browser Back never restored Project A's visible runtime context.
    at main (file:///home/stager/Work/sta-ger/agents/worktrees/pokie-phase-6-final-polishing/task_P6-02-20260813112647/docs/evidence/p6-02-browser-runtime-isolation/attempt-15/browser-ui-current-candidate-rerun.mjs:218:27)
