docs/evidence/p6-08-canonical-player-runtime-parity/host-verification-95af92f9/01-candidate-build-terminal.log: OK
docs/evidence/p6-08-canonical-player-runtime-parity/host-verification-95af92f9/01a-candidate-build-isolated-terminal.log: OK
docs/evidence/p6-08-canonical-player-runtime-parity/host-verification-95af92f9/01b-candidate-build-node24-terminal.log: OK
docs/evidence/p6-08-canonical-player-runtime-parity/host-verification-95af92f9/01c-candidate-build-node24-terminal.log: OK
docs/evidence/p6-08-canonical-player-runtime-parity/host-verification-95af92f9/02-generate-package-terminal.log: OK
docs/evidence/p6-08-canonical-player-runtime-parity/host-verification-95af92f9/03-generated-package-install-terminal.log: OK
docs/evidence/p6-08-canonical-player-runtime-parity/host-verification-95af92f9/04-candidate-pack-terminal.log: OK
docs/evidence/p6-08-canonical-player-runtime-parity/host-verification-95af92f9/05-generated-package-candidate-install-terminal.log: OK
docs/evidence/p6-08-canonical-player-runtime-parity/host-verification-95af92f9/06-generated-package-npm-start-terminal.log: OK
docs/evidence/p6-08-canonical-player-runtime-parity/host-verification-95af92f9/07-studio-terminal.log: OK
docs/evidence/p6-08-canonical-player-runtime-parity/host-verification-95af92f9/08-pokie-examples-terminal.log: OK
docs/evidence/p6-08-canonical-player-runtime-parity/host-verification-95af92f9/09-xvfb-terminal.log: OK
docs/evidence/p6-08-canonical-player-runtime-parity/host-verification-95af92f9/10-chrome-terminal.log: OK
docs/evidence/p6-08-canonical-player-runtime-parity/host-verification-95af92f9/10-generated-package-player-grid.json: OK
docs/evidence/p6-08-canonical-player-runtime-parity/host-verification-95af92f9/10-generated-package-player.png: OK
docs/evidence/p6-08-canonical-player-runtime-parity/host-verification-95af92f9/10-generated-package-player.txt: OK
docs/evidence/p6-08-canonical-player-runtime-parity/host-verification-95af92f9/11-browser-workflow-terminal.log: OK
docs/evidence/p6-08-canonical-player-runtime-parity/host-verification-95af92f9/11-studio-play-grid.json: OK
docs/evidence/p6-08-canonical-player-runtime-parity/host-verification-95af92f9/11-studio-play.png: OK
docs/evidence/p6-08-canonical-player-runtime-parity/host-verification-95af92f9/11-studio-play.txt: OK
docs/evidence/p6-08-canonical-player-runtime-parity/host-verification-95af92f9/12-studio-replay-grid.json: OK
docs/evidence/p6-08-canonical-player-runtime-parity/host-verification-95af92f9/12-studio-replay.png: OK
docs/evidence/p6-08-canonical-player-runtime-parity/host-verification-95af92f9/12-studio-replay.txt: OK
docs/evidence/p6-08-canonical-player-runtime-parity/host-verification-95af92f9/12-xvfb-terminal.log: OK
docs/evidence/p6-08-canonical-player-runtime-parity/host-verification-95af92f9/13-chrome-terminal.log: OK
docs/evidence/p6-08-canonical-player-runtime-parity/host-verification-95af92f9/13-pokie-examples-fixture-slot-grid.json: OK
docs/evidence/p6-08-canonical-player-runtime-parity/host-verification-95af92f9/13-pokie-examples-fixture-slot.png: OK
docs/evidence/p6-08-canonical-player-runtime-parity/host-verification-95af92f9/13-pokie-examples-fixture-slot.txt: OK
docs/evidence/p6-08-canonical-player-runtime-parity/host-verification-95af92f9/14-browser-workflow-terminal.log: OK
docs/evidence/p6-08-canonical-player-runtime-parity/host-verification-95af92f9/README.md: OK
docs/evidence/p6-08-canonical-player-runtime-parity/host-verification-95af92f9/acceptance-gaps.json: OK
docs/evidence/p6-08-canonical-player-runtime-parity/host-verification-95af92f9/browser-transcript.txt: OK
docs/evidence/p6-08-canonical-player-runtime-parity/host-verification-95af92f9/browser-ui-rerun.mjs: OK
docs/evidence/p6-08-canonical-player-runtime-parity/host-verification-95af92f9/cross-surface-grid-comparison.json: OK
docs/evidence/p6-08-canonical-player-runtime-parity/host-verification-95af92f9/fixture-slot.blueprint.json: OK
docs/evidence/p6-08-canonical-player-runtime-parity/host-verification-95af92f9/generated-fixture-slot/README.md: OK
docs/evidence/p6-08-canonical-player-runtime-parity/host-verification-95af92f9/generated-fixture-slot/dist/index.js: OK
docs/evidence/p6-08-canonical-player-runtime-parity/host-verification-95af92f9/generated-fixture-slot/package-lock.json: OK
docs/evidence/p6-08-canonical-player-runtime-parity/host-verification-95af92f9/generated-fixture-slot/package.json: OK
docs/evidence/p6-08-canonical-player-runtime-parity/host-verification-95af92f9/generated-fixture-slot/src/index.ts: OK
docs/evidence/p6-08-canonical-player-runtime-parity/host-verification-95af92f9/generated-fixture-slot/tsconfig.json: OK
docs/evidence/p6-08-canonical-player-runtime-parity/host-verification-95af92f9/pokie-1.3.0.tgz: OK
