{
  "before": {
    "rect": {
      "x": 856,
      "y": 420.765625,
      "width": 545,
      "height": 36
    },
    "value": "Starter Slot",
    "active": "DIV"
  },
  "after": {
    "active": "INPUT",
    "label": [
      "Game name"
    ],
    "value": "Starter Slot"
  }
}
{
  "before": {
    "rect": {
      "x": 856,
      "y": 484.46875,
      "width": 545,
      "height": 36
    },
    "value": "Starter Slot",
    "active": "BUTTON"
  },
  "after": {
    "active": "INPUT",
    "label": [
      "Game name"
    ],
    "value": "P6"
  }
}
