[2026-08-17T16:11:39.860Z] START fresh Chrome and public Studio UI at http://127.0.0.1:4714
[2026-08-17T16:11:39.883Z] NAVIGATE public Studio URL #/project/exportDeploy
[2026-08-17T16:11:41.065Z] CAPTURE 01-blueprint-preflight.png and 01-blueprint-preflight.txt
[2026-08-17T16:11:41.431Z] SCROLL browser wheel to rendered output input in "Outcome library (republish)"
[2026-08-17T16:11:41.478Z] CLICK output input in "Outcome library (republish)" at rendered INPUT coordinates (456, 247)
[2026-08-17T16:11:42.018Z] INPUT output for "Outcome library (republish)"="/home/stager/Work/sta-ger/agents/worktrees/pokie-phase-6-final-polishing/task_P6-11-20260817140254/docs/evidence/P6-11/artifacts/outcome-ui-final" through browser mouse/keyboard
[2026-08-17T16:11:43.099Z] SCROLL browser wheel to rendered "Build" in "Outcome library (republish)"
[2026-08-17T16:11:43.184Z] CLICK "Build" in "Outcome library (republish)" at rendered BUTTON coordinates (329, 247)
[2026-08-17T16:11:43.641Z] OBSERVE the rendered registry-backed Outcome build completed and exposed its project follow-ups.
[2026-08-17T16:11:44.262Z] CAPTURE 02-outcome-built.png and 02-outcome-built.txt
[2026-08-17T16:11:44.273Z] CLICK "Add to Projects" at rendered BUTTON coordinates (492, 341)
[2026-08-17T16:11:44.729Z] OBSERVE the generated Outcome was registered through the visible Add to Projects action.
[2026-08-17T16:11:44.758Z] CLICK "Open as Project" at rendered BUTTON coordinates (360, 341)
[2026-08-17T16:11:45.370Z] CAPTURE 03-outcome-open-analysis.png and 03-outcome-open-analysis.txt
[2026-08-17T16:11:45.384Z] CLICK "Draw an outcome" at rendered BUTTON coordinates (672, 398)
[2026-08-17T16:11:45.839Z] OBSERVE the opened generated Outcome displayed exact analysis and a rendered sampled outcome.
[2026-08-17T16:11:46.061Z] CAPTURE 04-outcome-sampled.png and 04-outcome-sampled.txt
[2026-08-17T16:11:46.082Z] CLICK "Play" at rendered BUTTON coordinates (130, 178)
[2026-08-17T16:11:46.599Z] CLICK "New Play session" at rendered BUTTON coordinates (377, 410)
[2026-08-17T16:11:47.095Z] CLICK "Spin" at rendered BUTTON coordinates (333, 210)
[2026-08-17T16:11:47.551Z] OBSERVE the opened Outcome completed a real Play session and Spin.
[2026-08-17T16:11:47.809Z] CAPTURE 05-outcome-play.png and 05-outcome-play.txt
[2026-08-17T16:11:47.835Z] CLICK "Simulation" at rendered BUTTON coordinates (130, 219)
[2026-08-17T16:11:48.320Z] CLICK input "Rounds" at rendered INPUT coordinates (386, 235)
[2026-08-17T16:11:48.842Z] INPUT "Rounds"="25" through browser mouse/keyboard
[2026-08-17T16:11:49.413Z] CLICK "Run Simulation" at rendered BUTTON coordinates (577, 235)
[2026-08-17T16:11:49.868Z] OBSERVE the opened Outcome completed a rendered 25-round Simulation report.
[2026-08-17T16:11:50.132Z] CAPTURE 06-outcome-simulation.png and 06-outcome-simulation.txt
[2026-08-17T16:11:50.154Z] CLICK "Replay" at rendered BUTTON coordinates (130, 292)
[2026-08-17T16:11:50.659Z] CLICK Session Spin replay selector at rendered INPUT coordinates (553, 101)
[2026-08-17T16:11:51.175Z] CLICK "Refresh" at rendered BUTTON coordinates (313, 160)
[2026-08-17T16:11:51.730Z] CLICK button matching /Session 1.*Round/ at rendered BUTTON coordinates (506, 247)
[2026-08-17T16:11:52.186Z] OBSERVE Replay exposed and inspected the Play-produced Outcome round.
[2026-08-17T16:11:52.513Z] CAPTURE 07-outcome-replay.png and 07-outcome-replay.txt
[2026-08-17T16:11:52.516Z] NAVIGATE public Studio URL #/project/%2Fhome%2Fstager%2FWork%2Fsta-ger%2Fagents%2Fworktrees%2Fpokie-phase-6-final-polishing%2Ftask_P6-11-20260817140254%2Fdocs%2Fevidence%2FP6-11%2Fartifacts%2Fblueprint-ui%2Fp6-11-outcome.blueprint.json/exportDeploy
[2026-08-17T16:11:53.487Z] SCROLL browser wheel to rendered "Generate outcome library (base)"
[2026-08-17T16:11:53.540Z] CLICK "Generate outcome library (base)" at rendered BUTTON coordinates (406, 247)
[2026-08-17T16:11:53.994Z] OBSERVE Blueprint Build/Export generated its registry-discoverable canonical Outcome before Stake export.
[2026-08-17T16:11:54.354Z] SCROLL browser wheel to rendered button matching /Run Stake Engine Export/
[2026-08-17T16:11:54.398Z] CLICK button matching /Run Stake Engine Export/ at rendered BUTTON coordinates (405, 247)
[2026-08-17T16:11:54.860Z] OBSERVE the opened generated Outcome completed its visible Stake Engine export.
[2026-08-17T16:11:55.582Z] CAPTURE 08-outcome-stake-export.png and 08-outcome-stake-export.txt
[2026-08-17T16:11:55.582Z] COMPLETE browser UI workflow.
